#-----------------------------------------------------------
# Vivado v2022.2 (64-bit)
# SW Build 3671981 on Fri Oct 14 05:00:03 MDT 2022
# IP Build 3669848 on Fri Oct 14 08:30:02 MDT 2022
# Start of session at: Tue Feb 17 18:44:16 2026
# Process ID: 2320
# Current directory: E:/VivadoProjects/demo_cusum_ewma_zscore_multi/demo_cusum_ewma_zscore_multi/demo_cusum_ewma_zscore_multi.runs/fp_add_synth_1
# Command line: vivado.exe -log fp_add.vds -product Vivado -mode batch -messageDb vivado.pb -notrace -source fp_add.tcl
# Log file: E:/VivadoProjects/demo_cusum_ewma_zscore_multi/demo_cusum_ewma_zscore_multi/demo_cusum_ewma_zscore_multi.runs/fp_add_synth_1/fp_add.vds
# Journal file: E:/VivadoProjects/demo_cusum_ewma_zscore_multi/demo_cusum_ewma_zscore_multi/demo_cusum_ewma_zscore_multi.runs/fp_add_synth_1\vivado.jou
# Running On: DESKTOP-LU6EQ9E, OS: Windows, CPU Frequency: 4700 MHz, CPU Physical cores: 12, Host memory: 33397 MB
#-----------------------------------------------------------
source fp_add.tcl -notrace
