#
# A fatal error has been detected by the Java Runtime Environment:
#
#  EXCEPTION_ACCESS_VIOLATION (0xc0000005) at pc=0x00007ffbb4787a1c, pid=25332, tid=21064
#
# JRE version: OpenJDK Runtime Environment 18.9 (11.0.11+9) (build 11.0.11+9)
# Java VM: OpenJDK 64-Bit Server VM 18.9 (11.0.11+9, mixed mode, tiered, compressed oops, g1 gc, windows-amd64)
# Problematic frame:
# C  [xerces-c_3_2.dll+0x7a1c]
#
# No core dump will be written. Minidumps are not enabled by default on client versions of Windows
#
# If you would like to submit a bug report, please visit:
#   https://bugreport.java.com/bugreport/crash.jsp
# The crash happened outside the Java Virtual Machine in native code.
# See problematic frame for where to report the bug.
#

---------------  S U M M A R Y ------------

Command Line: -Dsun.java2d.pmoffscreen=false -Dhttps.protocols=TLSv1,TLSv1.1,TLSv1.2 -Dsun.java2d.xrender=false -Dsun.java2d.d3d=false -Dsun.awt.nopixfmt=true -Dsun.java2d.dpiaware=true -Dsun.java2d.uiScale.enabled=false -Xverify:none -Dswing.aatext=true -XX:-UsePerfData -Djdk.map.althashing.threshold=512 -XX:StringTableSize=4072 --add-opens=java.desktop/com.sun.awt=ALL-UNNAMED --add-opens=java.desktop/javax.swing.plaf.synth=ALL-UNNAMED --add-opens=java.base/java.nio=ALL-UNNAMED --add-opens=java.desktop/sun.swing=ALL-UNNAMED --add-opens=java.desktop/javax.swing=ALL-UNNAMED --add-opens=java.desktop/javax.swing.tree=ALL-UNNAMED --add-opens=java.desktop/javax.swing.plaf.basic=ALL-UNNAMED --add-opens=java.desktop/javax.swing.plaf.synth=ALL-UNNAMED --add-opens=java.desktop/javax.swing.plaf.basic=ALL-UNNAMED --add-opens=java.desktop/javax.swing=ALL-UNNAMED --add-opens=java.desktop/javax.swing.tree=ALL-UNNAMED --add-opens=java.desktop/java.awt.event=ALL-UNNAMED --add-exports=java.desktop/javax.swing.plaf.synth=ALL-UNNAMED --add-exports=java.base/java.nio=ALL-UNNAMED --add-exports=java.desktop/sun.swing=ALL-UNNAMED --add-exports=java.desktop/javax.swing=ALL-UNNAMED --add-exports=java.desktop/javax.swing.tree=ALL-UNNAMED --add-exports=java.desktop/javax.swing.plaf.basic=ALL-UNNAMED --add-exports=java.desktop/sun.swing=ALL-UNNAMED --add-exports=java.desktop/sun.swing.table=ALL-UNNAMED --add-exports=java.desktop/sun.swing.plaf.synth=ALL-UNNAMED --add-exports=java.desktop/sun.awt.shell=ALL-UNNAMED --add-exports=java.base/sun.security.action=ALL-UNNAMED --add-exports=java.desktop/sun.font=ALL-UNNAMED -XX:NewSize=60m -XX:MaxNewSize=60m -Xms256m -Xmx3072m -Xss5m 

Host: Intel(R) Core(TM) Ultra 7 265U, 14 cores, 31G,  Windows 10 , 64 bit Build 22621 (10.0.22621.6931)
Time: Tue Jun 16 14:25:57 2026 GTB Daylight Time elapsed time: 26.490373 seconds (0d 0h 0m 26s)

---------------  T H R E A D  ---------------

Current thread (0x000002f5ccf03000):  JavaThread "NewProject Thread" [_thread_in_native, id=21064, stack(0x000000fcdb600000,0x000000fcdbb00000)]

Stack: [0x000000fcdb600000,0x000000fcdbb00000],  sp=0x000000fcdbafe0b0,  free space=5112k
Native frames: (J=compiled Java code, j=interpreted, Vv=VM code, C=native code)
C  [xerces-c_3_2.dll+0x7a1c]
C  [xerces-c_3_2.dll+0x49d5f]
C  [librdi_common.dll+0x88a606]
C  [librdi_common.dll+0x888f2d]
C  [librdi_board.dll+0x47bb0]
C  [librdi_board.dll+0x3fbd4]
C  [librdi_board.dll+0x46355]
C  [librdi_boarddep.dll+0x5667]
C  [librdi_project.dll+0x3959ff]
C  0x000002f5b5caf377

Java frames: (J=compiled Java code, j=interpreted, Vv=VM code)
j  ui.project.projecti.ProjUtils_createBoardPartIter(J)J+0
j  ui.data.a.R(Lui/project/m;)Ljava/util/List;+22
j  ui.views.c.t.g.DO()V+20
j  ui.views.i.aQy()Ljava/lang/Object;+4
j  ui.frmwork.y.run()V+23
j  java.lang.Thread.run()V+11 java.base@11.0.11
v  ~StubRoutines::call_stub

siginfo: EXCEPTION_ACCESS_VIOLATION (0xc0000005), reading address 0x0000000000000000


Register to memory mapping:

RIP=0x00007ffbb4787a1c xerces-c_3_2.dll
RAX=0x000000fcdbafe158 is pointing into the stack for thread: 0x000002f5ccf03000
RBX=0x000000fcdbafe168 is pointing into the stack for thread: 0x000002f5ccf03000
RCX=0x000000fcdbafe168 is pointing into the stack for thread: 0x000002f5ccf03000
RDX=0x0 is NULL
RSP=0x000000fcdbafe0b0 is pointing into the stack for thread: 0x000002f5ccf03000
RBP=0x000000fcdbafe8d0 is pointing into the stack for thread: 0x000002f5ccf03000
RSI=0x000000fcdbafe9e0 is pointing into the stack for thread: 0x000002f5ccf03000
RDI=0x0 is NULL
R8 =0x0 is NULL
R9 =0x0 is NULL
R10=0x0000000000000003 is an unknown value
R11=0x000000fcdbafdfc0 is pointing into the stack for thread: 0x000002f5ccf03000
R12=0x000000000000000f is an unknown value
R13=0x7fffffffffffffff is an unknown value
R14=0xffffffffffffffff is an unknown value
R15=0x0000000000000043 is an unknown value


Registers:
RAX=0x000000fcdbafe158, RBX=0x000000fcdbafe168, RCX=0x000000fcdbafe168, RDX=0x0000000000000000
RSP=0x000000fcdbafe0b0, RBP=0x000000fcdbafe8d0, RSI=0x000000fcdbafe9e0, RDI=0x0000000000000000
R8 =0x0000000000000000, R9 =0x0000000000000000, R10=0x0000000000000003, R11=0x000000fcdbafdfc0
R12=0x000000000000000f, R13=0x7fffffffffffffff, R14=0xffffffffffffffff, R15=0x0000000000000043
RIP=0x00007ffbb4787a1c, EFLAGS=0x0000000000010202

Top of Stack: (sp=0x000000fcdbafe0b0)
0x000000fcdbafe0b0:   0000000000000000 0000000000000000
0x000000fcdbafe0c0:   000002f5d2da9340 0000000000000044
0x000000fcdbafe0d0:   0000000000000000 00007ffbb47c9d5f
0x000000fcdbafe0e0:   000000fcdbafe9e0 00007ffb4ddf36a4
0x000000fcdbafe0f0:   00000000ffffffff 000002f59eb60000
0x000000fcdbafe100:   0000000000000000 0000000000000000
0x000000fcdbafe110:   fffffffffffffffe 0000000000000001
0x000000fcdbafe120:   00000bf700000002 000000006a3042dc
0x000000fcdbafe130:   fffffffffffffffe 000000006a2ffcdb
0x000000fcdbafe140:   0000db4554f0f2f9 000000fcdbafe9e0
0x000000fcdbafe150:   0000000000000000 00007ffb4df7a606
0x000000fcdbafe160:   0000000000000000 0000000000000000
0x000000fcdbafe170:   0000000000000000 000000fcdbafe9e0
0x000000fcdbafe180:   000002f59eac02ac 0000000000000030
0x000000fcdbafe190:   000002f59eac0d80 000002f5d20a5150
0x000000fcdbafe1a0:   000000fcdbafe9e0 0000000000000020 

Instructions: (pc=0x00007ffbb4787a1c)
0x00007ffbb478791c:   18 48 8b 4b 18 4c 8d 04 7d 02 00 00 00 48 8b d6
0x00007ffbb478792c:   48 8b 5c 24 30 48 8b 74 24 38 48 83 c4 20 5f e9
0x00007ffbb478793c:   12 71 12 00 48 85 d2 75 08 45 33 c0 e9 23 00 00
0x00007ffbb478794c:   00 4c 8b c2 41 0f b7 00 49 83 c0 02 66 85 c0 75
0x00007ffbb478795c:   f3 4c 2b c2 49 d1 f8 49 ff c8 e9 05 00 00 00 cc
0x00007ffbb478796c:   cc cc cc cc 48 89 5c 24 08 48 89 74 24 10 57 48
0x00007ffbb478797c:   83 ec 20 49 8b f8 48 8b f2 48 8b d9 4c 3b 41 10
0x00007ffbb478798c:   72 2f 48 8b 49 28 48 8b 53 20 48 8b 01 ff 50 18
0x00007ffbb478799c:   48 8b 4b 28 48 8d 57 01 48 89 53 10 48 03 d2 48
0x00007ffbb47879ac:   c7 43 20 00 00 00 00 48 8b 01 ff 50 10 48 89 43
0x00007ffbb47879bc:   20 48 8b 4b 20 4c 8d 04 7d 02 00 00 00 48 8b d6
0x00007ffbb47879cc:   48 8b 5c 24 30 48 8b 74 24 38 48 83 c4 20 5f e9
0x00007ffbb47879dc:   72 70 12 00 40 53 48 83 ec 20 48 8b d9 48 c7 01
0x00007ffbb47879ec:   00 00 00 00 48 89 51 08 48 8b ca e8 64 13 00 00
0x00007ffbb47879fc:   48 89 03 48 8b c3 48 83 c4 20 5b c3 cc cc cc cc
0x00007ffbb4787a0c:   cc cc cc cc 40 53 48 83 ec 20 48 8b d9 48 89 11
0x00007ffbb4787a1c:   48 8b 0a e8 ac 12 00 00 48 8b c3 48 83 c4 20 5b
0x00007ffbb4787a2c:   c3 cc cc cc 40 53 48 83 ec 30 48 c7 44 24 20 fe
0x00007ffbb4787a3c:   ff ff ff 48 8b d9 48 8b 09 48 85 c9 74 11 48 8b
0x00007ffbb4787a4c:   53 08 e8 7d 0d 00 00 90 48 c7 03 00 00 00 00 48
0x00007ffbb4787a5c:   83 c4 30 5b c3 cc cc cc cc cc cc cc cc cc cc cc
0x00007ffbb4787a6c:   cc cc cc cc 48 83 ec 38 48 c7 44 24 20 fe ff ff
0x00007ffbb4787a7c:   ff 48 8b 09 48 8b 09 e8 48 1b 00 00 90 48 83 c4
0x00007ffbb4787a8c:   38 c3 cc cc 40 53 48 83 ec 20 48 8b d9 48 8b 0d
0x00007ffbb4787a9c:   c0 22 2a 00 48 c7 03 00 00 00 00 48 89 4b 08 e8
0x00007ffbb4787aac:   b0 12 00 00 48 89 03 48 83 c4 20 5b c3 cc cc cc
0x00007ffbb4787abc:   cc cc cc cc 48 8b 09 e9 08 12 00 00 cc cc cc cc
0x00007ffbb4787acc:   cc cc cc cc 48 8b 09 e9 f8 1a 00 00 cc cc cc cc
0x00007ffbb4787adc:   cc cc cc cc 83 f9 08 77 56 48 63 c1 48 8d 15 11
0x00007ffbb4787aec:   85 ff ff 8b 8c 82 44 7b 00 00 48 03 ca ff e1 48
0x00007ffbb4787afc:   8d 05 46 6d 14 00 c3 48 8d 05 66 6d 14 00 c3 48
0x00007ffbb4787b0c:   8d 05 8e 6d 14 00 c3 48 8d 05 a6 6d 14 00 c3 48 


Stack slot to memory mapping:
stack at sp + 0 slots: 0x0 is NULL
stack at sp + 1 slots: 0x0 is NULL
stack at sp + 2 slots: 0x000002f5d2da9340 points into unknown readable memory: 0x000002f5cd048958 | 58 89 04 cd f5 02 00 00
stack at sp + 3 slots: 0x0000000000000044 is an unknown value
stack at sp + 4 slots: 0x0 is NULL
stack at sp + 5 slots: 0x00007ffbb47c9d5f xerces-c_3_2.dll
stack at sp + 6 slots: 0x000000fcdbafe9e0 is pointing into the stack for thread: 0x000002f5ccf03000
stack at sp + 7 slots: 0x00007ffb4ddf36a4 librdi_common.dll


---------------  P R O C E S S  ---------------

Threads class SMR info:
_java_thread_list=0x000002f5d68a2160, length=28, elements={
0x000002f5ad23a000, 0x000002f5ad507000, 0x000002f5ad50a000, 0x000002f5ad51f000,
0x000002f5ad520000, 0x000002f5ad521800, 0x000002f5ad527000, 0x000002f5ad529000,
0x000002f5ad52c800, 0x000002f5cae53000, 0x000002f5cb208800, 0x000002f5cb589800,
0x000002f5ce996800, 0x000002f5cb0ff000, 0x000002f5ced7b800, 0x000002f5ced7d000,
0x000002f5cedac000, 0x000002f5cd1fc000, 0x000002f5ccf02800, 0x000002f5ccf00800,
0x000002f5ccf04000, 0x000002f5ccefe000, 0x000002f5ccf03000, 0x000002f5cceff000,
0x000002f5ccf00000, 0x000002f5d5a46000, 0x000002f5d5a44000, 0x000002f5d5a46800
}

Java Threads: ( => current thread )
  0x000002f5ad23a000 JavaThread "main" [_thread_blocked, id=1580, stack(0x000000fcd4400000,0x000000fcd4500000)]
  0x000002f5ad507000 JavaThread "Reference Handler" daemon [_thread_blocked, id=16764, stack(0x000000fcd4b00000,0x000000fcd5000000)]
  0x000002f5ad50a000 JavaThread "Finalizer" daemon [_thread_blocked, id=20336, stack(0x000000fcd5000000,0x000000fcd5500000)]
  0x000002f5ad51f000 JavaThread "Signal Dispatcher" daemon [_thread_blocked, id=20812, stack(0x000000fcd5500000,0x000000fcd5a00000)]
  0x000002f5ad520000 JavaThread "Attach Listener" daemon [_thread_blocked, id=9924, stack(0x000000fcd5a00000,0x000000fcd5f00000)]
  0x000002f5ad521800 JavaThread "Service Thread" daemon [_thread_blocked, id=11432, stack(0x000000fcd5f00000,0x000000fcd6400000)]
  0x000002f5ad527000 JavaThread "C2 CompilerThread0" daemon [_thread_blocked, id=20880, stack(0x000000fcd6400000,0x000000fcd6500000)]
  0x000002f5ad529000 JavaThread "C1 CompilerThread0" daemon [_thread_blocked, id=10484, stack(0x000000fcd6500000,0x000000fcd6600000)]
  0x000002f5ad52c800 JavaThread "Sweeper thread" daemon [_thread_blocked, id=21272, stack(0x000000fcd6600000,0x000000fcd6b00000)]
  0x000002f5cae53000 JavaThread "Common-Cleaner" daemon [_thread_blocked, id=24660, stack(0x000000fcd6b00000,0x000000fcd7000000)]
  0x000002f5cb208800 JavaThread "Java2D Disposer" daemon [_thread_blocked, id=25804, stack(0x000000fcd7100000,0x000000fcd7600000)]
  0x000002f5cb589800 JavaThread "AWT-Windows" daemon [_thread_in_native, id=24452, stack(0x000000fcd7b00000,0x000000fcd8000000)]
  0x000002f5ce996800 JavaThread "TimerQueue" daemon [_thread_blocked, id=11064, stack(0x000000fcd7600000,0x000000fcd7b00000)]
  0x000002f5cb0ff000 JavaThread "Thread-0" daemon [_thread_blocked, id=18524, stack(0x000000fcd8600000,0x000000fcd8b00000)]
  0x000002f5ced7b800 JavaThread "AWT-Shutdown" [_thread_blocked, id=20184, stack(0x000000fcd8c00000,0x000000fcd9100000)]
  0x000002f5ced7d000 JavaThread "AWT-EventQueue-0" [_thread_blocked, id=12248, stack(0x000000fcd9100000,0x000000fcd9600000)]
  0x000002f5cedac000 JavaThread "Thread-1" [_thread_in_native, id=5436, stack(0x000000fcd2e00000,0x000000fcd4200000)]
  0x000002f5cd1fc000 JavaThread "Process Messages Thread" [_thread_blocked, id=8796, stack(0x000000fcd9f00000,0x000000fcda400000)]
  0x000002f5ccf02800 JavaThread "Batik CleanerThread" daemon [_thread_blocked, id=17012, stack(0x000000fcd9600000,0x000000fcd9b00000)]
  0x000002f5ccf00800 JavaThread "Image Fetcher 3" daemon [_thread_blocked, id=29160, stack(0x000000fcda400000,0x000000fcda900000)]
  0x000002f5ccf04000 JavaThread "SyntheticaCleanerThread" daemon [_thread_blocked, id=29356, stack(0x000000fcdab00000,0x000000fcdb000000)]
  0x000002f5ccefe000 JavaThread "Image Fetcher 0" daemon [_thread_blocked, id=22516, stack(0x000000fcdb000000,0x000000fcdb500000)]
=>0x000002f5ccf03000 JavaThread "NewProject Thread" [_thread_in_native, id=21064, stack(0x000000fcdb600000,0x000000fcdbb00000)]
  0x000002f5cceff000 JavaThread "Monitor HEventQueue Thread" [_thread_blocked, id=25848, stack(0x000000fcdbd00000,0x000000fcdc200000)]
  0x000002f5ccf00000 JavaThread "SyntheticaAnimation 50" daemon [_thread_blocked, id=1936, stack(0x000000fcdc200000,0x000000fcdc700000)]
  0x000002f5d5a46000 JavaThread "SyntheticaAnimation 25" daemon [_thread_blocked, id=21932, stack(0x000000fcdc700000,0x000000fcdcc00000)]
  0x000002f5d5a44000 JavaThread "Open Project Thread" [_thread_in_native, id=18460, stack(0x000000fcdcc00000,0x000000fcdd100000)]
  0x000002f5d5a46800 JavaThread "SyntheticaAnimation 70" daemon [_thread_blocked, id=13604, stack(0x000000fcdd100000,0x000000fcdd600000)]

Other Threads:
  0x000002f5ad4fe800 VMThread "VM Thread" [stack: 0x000000fcd4a00000,0x000000fcd4b00000] [id=11828]
  0x000002f5cae56000 WatcherThread [stack: 0x000000fcd7000000,0x000000fcd7100000] [id=5744]
  0x000002f5ad24d800 GCTaskThread "GC Thread#0" [stack: 0x000000fcd4500000,0x000000fcd4600000] [id=17200]
  0x000002f5ce20d800 GCTaskThread "GC Thread#1" [stack: 0x000000fcd8100000,0x000000fcd8200000] [id=28896]
  0x000002f5ce23b800 GCTaskThread "GC Thread#2" [stack: 0x000000fcd8200000,0x000000fcd8300000] [id=13424]
  0x000002f5ce23c000 GCTaskThread "GC Thread#3" [stack: 0x000000fcd8300000,0x000000fcd8400000] [id=404]
  0x000002f5ad668800 GCTaskThread "GC Thread#4" [stack: 0x000000fcd8400000,0x000000fcd8500000] [id=27940]
  0x000002f5ad669800 GCTaskThread "GC Thread#5" [stack: 0x000000fcd8500000,0x000000fcd8600000] [id=7956]
  0x000002f5cd277800 GCTaskThread "GC Thread#6" [stack: 0x000000fcd9b00000,0x000000fcd9c00000] [id=24808]
  0x000002f5cd278000 GCTaskThread "GC Thread#7" [stack: 0x000000fcd9c00000,0x000000fcd9d00000] [id=22952]
  0x000002f5ceb9f800 GCTaskThread "GC Thread#8" [stack: 0x000000fcd2d00000,0x000000fcd2e00000] [id=22068]
  0x000002f5ceba0000 GCTaskThread "GC Thread#9" [stack: 0x000000fcd8000000,0x000000fcd8100000] [id=25660]
  0x000002f5ceb9d800 GCTaskThread "GC Thread#10" [stack: 0x000000fcdbb00000,0x000000fcdbc00000] [id=10880]
  0x000002f5ad29b800 ConcurrentGCThread "G1 Main Marker" [stack: 0x000000fcd4600000,0x000000fcd4700000] [id=6300]
  0x000002f5ad29c800 ConcurrentGCThread "G1 Conc#0" [stack: 0x000000fcd4700000,0x000000fcd4800000] [id=15900]
  0x000002f5cd10c800 ConcurrentGCThread "G1 Conc#1" [stack: 0x000000fcd9d00000,0x000000fcd9e00000] [id=28012]
  0x000002f5ceb9e800 ConcurrentGCThread "G1 Conc#2" [stack: 0x000000fcd9e00000,0x000000fcd9f00000] [id=6936]
  0x000002f5ad3bd800 ConcurrentGCThread "G1 Refine#0" [stack: 0x000000fcd4800000,0x000000fcd4900000] [id=22664]
  0x000002f5ad3be000 ConcurrentGCThread "G1 Young RemSet Sampling" [stack: 0x000000fcd4900000,0x000000fcd4a00000] [id=23600]

Threads with active compile tasks:

VM state:not at safepoint (normal execution)

VM Mutex/Monitor currently owned by a thread: None

Heap address: 0x0000000740000000, size: 3072 MB, Compressed Oops mode: Zero based, Oop shift amount: 3
Narrow klass base: 0x0000000800000000, Narrow klass shift: 0
Compressed class space size: 1073741824 Address: 0x0000000800000000

Heap:
 garbage-first heap   total 262144K, used 114783K [0x0000000740000000, 0x0000000800000000)
  region size 1024K, 21 young (21504K), 8 survivors (8192K)
 Metaspace       used 59505K, capacity 60627K, committed 60832K, reserved 1101824K
  class space    used 7357K, capacity 7864K, committed 7936K, reserved 1048576K
Heap Regions: E=young(eden), S=young(survivor), O=old, HS=humongous(starts), HC=humongous(continues), CS=collection set, F=free, A=archive, TAMS=top-at-mark-start (previous, next)
|   0|0x0000000740000000, 0x0000000740100000, 0x0000000740100000|100%|HS|  |TAMS 0x0000000740100000, 0x0000000740000000| Complete 
|   1|0x0000000740100000, 0x0000000740200000, 0x0000000740200000|100%|HC|  |TAMS 0x0000000740200000, 0x0000000740100000| Complete 
|   2|0x0000000740200000, 0x0000000740300000, 0x0000000740300000|100%|HS|  |TAMS 0x0000000740300000, 0x0000000740200000| Complete 
|   3|0x0000000740300000, 0x0000000740400000, 0x0000000740400000|100%| O|  |TAMS 0x0000000740400000, 0x0000000740300000| Untracked 
|   4|0x0000000740400000, 0x0000000740500000, 0x0000000740500000|100%| O|  |TAMS 0x0000000740500000, 0x0000000740400000| Untracked 
|   5|0x0000000740500000, 0x0000000740600000, 0x0000000740600000|100%| O|  |TAMS 0x0000000740600000, 0x0000000740500000| Untracked 
|   6|0x0000000740600000, 0x0000000740700000, 0x0000000740700000|100%| O|  |TAMS 0x0000000740700000, 0x0000000740600000| Untracked 
|   7|0x0000000740700000, 0x0000000740800000, 0x0000000740800000|100%| O|  |TAMS 0x0000000740800000, 0x0000000740700000| Untracked 
|   8|0x0000000740800000, 0x0000000740900000, 0x0000000740900000|100%| O|  |TAMS 0x0000000740900000, 0x0000000740800000| Untracked 
|   9|0x0000000740900000, 0x0000000740a00000, 0x0000000740a00000|100%| O|  |TAMS 0x0000000740a00000, 0x0000000740900000| Untracked 
|  10|0x0000000740a00000, 0x0000000740b00000, 0x0000000740b00000|100%| O|  |TAMS 0x0000000740b00000, 0x0000000740a00000| Untracked 
|  11|0x0000000740b00000, 0x0000000740c00000, 0x0000000740c00000|100%| O|  |TAMS 0x0000000740c00000, 0x0000000740b00000| Untracked 
|  12|0x0000000740c00000, 0x0000000740d00000, 0x0000000740d00000|100%| O|  |TAMS 0x0000000740d00000, 0x0000000740c00000| Untracked 
|  13|0x0000000740d00000, 0x0000000740e00000, 0x0000000740e00000|100%| O|  |TAMS 0x0000000740e00000, 0x0000000740d00000| Untracked 
|  14|0x0000000740e00000, 0x0000000740f00000, 0x0000000740f00000|100%| O|  |TAMS 0x0000000740f00000, 0x0000000740e00000| Untracked 
|  15|0x0000000740f00000, 0x0000000741000000, 0x0000000741000000|100%| O|  |TAMS 0x0000000741000000, 0x0000000740f00000| Untracked 
|  16|0x0000000741000000, 0x0000000741100000, 0x0000000741100000|100%| O|  |TAMS 0x0000000741100000, 0x0000000741000000| Untracked 
|  17|0x0000000741100000, 0x0000000741200000, 0x0000000741200000|100%| O|  |TAMS 0x0000000741200000, 0x0000000741100000| Untracked 
|  18|0x0000000741200000, 0x0000000741300000, 0x0000000741300000|100%| O|  |TAMS 0x0000000741300000, 0x0000000741200000| Untracked 
|  19|0x0000000741300000, 0x0000000741400000, 0x0000000741400000|100%| O|  |TAMS 0x0000000741400000, 0x0000000741300000| Untracked 
|  20|0x0000000741400000, 0x0000000741500000, 0x0000000741500000|100%| O|  |TAMS 0x0000000741500000, 0x0000000741400000| Untracked 
|  21|0x0000000741500000, 0x0000000741600000, 0x0000000741600000|100%|HS|  |TAMS 0x0000000741600000, 0x0000000741500000| Complete 
|  22|0x0000000741600000, 0x0000000741700000, 0x0000000741700000|100%|HC|  |TAMS 0x0000000741700000, 0x0000000741600000| Complete 
|  23|0x0000000741700000, 0x0000000741800000, 0x0000000741800000|100%|HS|  |TAMS 0x0000000741800000, 0x0000000741700000| Complete 
|  24|0x0000000741800000, 0x0000000741900000, 0x0000000741900000|100%|HC|  |TAMS 0x0000000741900000, 0x0000000741800000| Complete 
|  25|0x0000000741900000, 0x0000000741a00000, 0x0000000741a00000|100%| O|  |TAMS 0x0000000741a00000, 0x0000000741900000| Untracked 
|  26|0x0000000741a00000, 0x0000000741b00000, 0x0000000741b00000|100%| O|  |TAMS 0x0000000741b00000, 0x0000000741a00000| Untracked 
|  27|0x0000000741b00000, 0x0000000741c00000, 0x0000000741c00000|100%| O|  |TAMS 0x0000000741c00000, 0x0000000741b00000| Untracked 
|  28|0x0000000741c00000, 0x0000000741d00000, 0x0000000741d00000|100%| O|  |TAMS 0x0000000741d00000, 0x0000000741c00000| Untracked 
|  29|0x0000000741d00000, 0x0000000741e00000, 0x0000000741e00000|100%| O|  |TAMS 0x0000000741e00000, 0x0000000741d00000| Untracked 
|  30|0x0000000741e00000, 0x0000000741f00000, 0x0000000741f00000|100%| O|  |TAMS 0x0000000741f00000, 0x0000000741e00000| Untracked 
|  31|0x0000000741f00000, 0x0000000742000000, 0x0000000742000000|100%| O|  |TAMS 0x0000000742000000, 0x0000000741f00000| Untracked 
|  32|0x0000000742000000, 0x0000000742100000, 0x0000000742100000|100%| O|  |TAMS 0x0000000742100000, 0x0000000742000000| Untracked 
|  33|0x0000000742100000, 0x0000000742200000, 0x0000000742200000|100%| O|  |TAMS 0x0000000742200000, 0x0000000742100000| Untracked 
|  34|0x0000000742200000, 0x0000000742300000, 0x0000000742300000|100%| O|  |TAMS 0x0000000742300000, 0x0000000742200000| Untracked 
|  35|0x0000000742300000, 0x0000000742400000, 0x0000000742400000|100%| O|  |TAMS 0x0000000742400000, 0x0000000742300000| Untracked 
|  36|0x0000000742400000, 0x0000000742500000, 0x0000000742500000|100%| O|  |TAMS 0x0000000742500000, 0x0000000742400000| Untracked 
|  37|0x0000000742500000, 0x0000000742600000, 0x0000000742600000|100%| O|  |TAMS 0x0000000742600000, 0x0000000742500000| Untracked 
|  38|0x0000000742600000, 0x0000000742600000, 0x0000000742700000|  0%| F|  |TAMS 0x0000000742600000, 0x0000000742600000| Untracked 
|  39|0x0000000742700000, 0x0000000742800000, 0x0000000742800000|100%| O|  |TAMS 0x0000000742800000, 0x0000000742700000| Untracked 
|  40|0x0000000742800000, 0x0000000742900000, 0x0000000742900000|100%| O|  |TAMS 0x0000000742900000, 0x0000000742800000| Untracked 
|  41|0x0000000742900000, 0x0000000742a00000, 0x0000000742a00000|100%| O|  |TAMS 0x0000000742a00000, 0x0000000742900000| Untracked 
|  42|0x0000000742a00000, 0x0000000742b00000, 0x0000000742b00000|100%| O|  |TAMS 0x0000000742b00000, 0x0000000742a00000| Untracked 
|  43|0x0000000742b00000, 0x0000000742c00000, 0x0000000742c00000|100%| O|  |TAMS 0x0000000742c00000, 0x0000000742b00000| Untracked 
|  44|0x0000000742c00000, 0x0000000742d00000, 0x0000000742d00000|100%| O|  |TAMS 0x0000000742d00000, 0x0000000742c00000| Untracked 
|  45|0x0000000742d00000, 0x0000000742e00000, 0x0000000742e00000|100%| O|  |TAMS 0x0000000742e00000, 0x0000000742d00000| Untracked 
|  46|0x0000000742e00000, 0x0000000742f00000, 0x0000000742f00000|100%|HS|  |TAMS 0x0000000742f00000, 0x0000000742e00000| Complete 
|  47|0x0000000742f00000, 0x0000000743000000, 0x0000000743000000|100%|HC|  |TAMS 0x0000000743000000, 0x0000000742f00000| Complete 
|  48|0x0000000743000000, 0x0000000743100000, 0x0000000743100000|100%|HC|  |TAMS 0x0000000743100000, 0x0000000743000000| Complete 
|  49|0x0000000743100000, 0x0000000743200000, 0x0000000743200000|100%|HC|  |TAMS 0x0000000743200000, 0x0000000743100000| Complete 
|  50|0x0000000743200000, 0x0000000743300000, 0x0000000743300000|100%|HC|  |TAMS 0x0000000743300000, 0x0000000743200000| Complete 
|  51|0x0000000743300000, 0x0000000743400000, 0x0000000743400000|100%|HC|  |TAMS 0x0000000743400000, 0x0000000743300000| Complete 
|  52|0x0000000743400000, 0x0000000743500000, 0x0000000743500000|100%|HC|  |TAMS 0x0000000743500000, 0x0000000743400000| Complete 
|  53|0x0000000743500000, 0x0000000743600000, 0x0000000743600000|100%|HC|  |TAMS 0x0000000743600000, 0x0000000743500000| Complete 
|  54|0x0000000743600000, 0x0000000743700000, 0x0000000743700000|100%|HC|  |TAMS 0x0000000743700000, 0x0000000743600000| Complete 
|  55|0x0000000743700000, 0x0000000743800000, 0x0000000743800000|100%|HC|  |TAMS 0x0000000743800000, 0x0000000743700000| Complete 
|  56|0x0000000743800000, 0x0000000743900000, 0x0000000743900000|100%|HC|  |TAMS 0x0000000743900000, 0x0000000743800000| Complete 
|  57|0x0000000743900000, 0x0000000743a00000, 0x0000000743a00000|100%|HC|  |TAMS 0x0000000743a00000, 0x0000000743900000| Complete 
|  58|0x0000000743a00000, 0x0000000743b00000, 0x0000000743b00000|100%|HC|  |TAMS 0x0000000743b00000, 0x0000000743a00000| Complete 
|  59|0x0000000743b00000, 0x0000000743c00000, 0x0000000743c00000|100%|HC|  |TAMS 0x0000000743c00000, 0x0000000743b00000| Complete 
|  60|0x0000000743c00000, 0x0000000743d00000, 0x0000000743d00000|100%|HC|  |TAMS 0x0000000743d00000, 0x0000000743c00000| Complete 
|  61|0x0000000743d00000, 0x0000000743e00000, 0x0000000743e00000|100%|HC|  |TAMS 0x0000000743e00000, 0x0000000743d00000| Complete 
|  62|0x0000000743e00000, 0x0000000743f00000, 0x0000000743f00000|100%|HC|  |TAMS 0x0000000743f00000, 0x0000000743e00000| Complete 
|  63|0x0000000743f00000, 0x0000000744000000, 0x0000000744000000|100%|HC|  |TAMS 0x0000000744000000, 0x0000000743f00000| Complete 
|  64|0x0000000744000000, 0x0000000744100000, 0x0000000744100000|100%|HC|  |TAMS 0x0000000744100000, 0x0000000744000000| Complete 
|  65|0x0000000744100000, 0x0000000744200000, 0x0000000744200000|100%|HC|  |TAMS 0x0000000744200000, 0x0000000744100000| Complete 
|  66|0x0000000744200000, 0x0000000744300000, 0x0000000744300000|100%|HC|  |TAMS 0x0000000744300000, 0x0000000744200000| Complete 
|  67|0x0000000744300000, 0x0000000744400000, 0x0000000744400000|100%|HC|  |TAMS 0x0000000744400000, 0x0000000744300000| Complete 
|  68|0x0000000744400000, 0x0000000744500000, 0x0000000744500000|100%|HC|  |TAMS 0x0000000744500000, 0x0000000744400000| Complete 
|  69|0x0000000744500000, 0x0000000744600000, 0x0000000744600000|100%|HC|  |TAMS 0x0000000744600000, 0x0000000744500000| Complete 
|  70|0x0000000744600000, 0x0000000744700000, 0x0000000744700000|100%|HC|  |TAMS 0x0000000744700000, 0x0000000744600000| Complete 
|  71|0x0000000744700000, 0x0000000744800000, 0x0000000744800000|100%|HC|  |TAMS 0x0000000744800000, 0x0000000744700000| Complete 
|  72|0x0000000744800000, 0x0000000744900000, 0x0000000744900000|100%|HC|  |TAMS 0x0000000744900000, 0x0000000744800000| Complete 
|  73|0x0000000744900000, 0x0000000744a00000, 0x0000000744a00000|100%|HC|  |TAMS 0x0000000744a00000, 0x0000000744900000| Complete 
|  74|0x0000000744a00000, 0x0000000744b00000, 0x0000000744b00000|100%|HC|  |TAMS 0x0000000744b00000, 0x0000000744a00000| Complete 
|  75|0x0000000744b00000, 0x0000000744c00000, 0x0000000744c00000|100%|HC|  |TAMS 0x0000000744c00000, 0x0000000744b00000| Complete 
|  76|0x0000000744c00000, 0x0000000744d00000, 0x0000000744d00000|100%|HC|  |TAMS 0x0000000744d00000, 0x0000000744c00000| Complete 
|  77|0x0000000744d00000, 0x0000000744e00000, 0x0000000744e00000|100%|HS|  |TAMS 0x0000000744e00000, 0x0000000744d00000| Complete 
|  78|0x0000000744e00000, 0x0000000744f00000, 0x0000000744f00000|100%|HC|  |TAMS 0x0000000744f00000, 0x0000000744e00000| Complete 
|  79|0x0000000744f00000, 0x0000000745000000, 0x0000000745000000|100%|HS|  |TAMS 0x0000000745000000, 0x0000000744f00000| Complete 
|  80|0x0000000745000000, 0x0000000745100000, 0x0000000745100000|100%|HS|  |TAMS 0x0000000745100000, 0x0000000745000000| Complete 
|  81|0x0000000745100000, 0x0000000745200000, 0x0000000745200000|100%|HC|  |TAMS 0x0000000745200000, 0x0000000745100000| Complete 
|  82|0x0000000745200000, 0x0000000745300000, 0x0000000745300000|100%|HS|  |TAMS 0x0000000745300000, 0x0000000745200000| Complete 
|  83|0x0000000745300000, 0x0000000745400000, 0x0000000745400000|100%|HS|  |TAMS 0x0000000745400000, 0x0000000745300000| Complete 
|  84|0x0000000745400000, 0x0000000745500000, 0x0000000745500000|100%|HC|  |TAMS 0x0000000745500000, 0x0000000745400000| Complete 
|  85|0x0000000745500000, 0x0000000745600000, 0x0000000745600000|100%|HS|  |TAMS 0x0000000745600000, 0x0000000745500000| Complete 
|  86|0x0000000745600000, 0x0000000745700000, 0x0000000745700000|100%| O|  |TAMS 0x0000000745700000, 0x0000000745600000| Untracked 
|  87|0x0000000745700000, 0x0000000745800000, 0x0000000745800000|100%| O|  |TAMS 0x0000000745800000, 0x0000000745700000| Untracked 
|  88|0x0000000745800000, 0x0000000745900000, 0x0000000745900000|100%| O|  |TAMS 0x0000000745900000, 0x0000000745800000| Untracked 
|  89|0x0000000745900000, 0x0000000745a00000, 0x0000000745a00000|100%| O|  |TAMS 0x0000000745a00000, 0x0000000745900000| Untracked 
|  90|0x0000000745a00000, 0x0000000745b00000, 0x0000000745b00000|100%| O|  |TAMS 0x0000000745b00000, 0x0000000745a00000| Untracked 
|  91|0x0000000745b00000, 0x0000000745c00000, 0x0000000745c00000|100%| O|  |TAMS 0x0000000745c00000, 0x0000000745b00000| Untracked 
|  92|0x0000000745c00000, 0x0000000745d00000, 0x0000000745d00000|100%| O|  |TAMS 0x0000000745d00000, 0x0000000745c00000| Untracked 
|  93|0x0000000745d00000, 0x0000000745e00000, 0x0000000745e00000|100%| O|  |TAMS 0x0000000745e00000, 0x0000000745d00000| Untracked 
|  94|0x0000000745e00000, 0x0000000745e17e00, 0x0000000745f00000|  9%| O|  |TAMS 0x0000000745e17e00, 0x0000000745e00000| Untracked 
|  95|0x0000000745f00000, 0x0000000745f00000, 0x0000000746000000|  0%| F|  |TAMS 0x0000000745f00000, 0x0000000745f00000| Untracked 
|  96|0x0000000746000000, 0x0000000746000000, 0x0000000746100000|  0%| F|  |TAMS 0x0000000746000000, 0x0000000746000000| Untracked 
|  97|0x0000000746100000, 0x0000000746100000, 0x0000000746200000|  0%| F|  |TAMS 0x0000000746100000, 0x0000000746100000| Untracked 
|  98|0x0000000746200000, 0x0000000746200000, 0x0000000746300000|  0%| F|  |TAMS 0x0000000746200000, 0x0000000746200000| Untracked 
|  99|0x0000000746300000, 0x0000000746300000, 0x0000000746400000|  0%| F|  |TAMS 0x0000000746300000, 0x0000000746300000| Untracked 
| 100|0x0000000746400000, 0x0000000746400000, 0x0000000746500000|  0%| F|  |TAMS 0x0000000746400000, 0x0000000746400000| Untracked 
| 101|0x0000000746500000, 0x0000000746500000, 0x0000000746600000|  0%| F|  |TAMS 0x0000000746500000, 0x0000000746500000| Untracked 
| 102|0x0000000746600000, 0x0000000746600000, 0x0000000746700000|  0%| F|  |TAMS 0x0000000746600000, 0x0000000746600000| Untracked 
| 103|0x0000000746700000, 0x0000000746700000, 0x0000000746800000|  0%| F|  |TAMS 0x0000000746700000, 0x0000000746700000| Untracked 
| 104|0x0000000746800000, 0x0000000746800000, 0x0000000746900000|  0%| F|  |TAMS 0x0000000746800000, 0x0000000746800000| Untracked 
| 105|0x0000000746900000, 0x0000000746900000, 0x0000000746a00000|  0%| F|  |TAMS 0x0000000746900000, 0x0000000746900000| Untracked 
| 106|0x0000000746a00000, 0x0000000746a00000, 0x0000000746b00000|  0%| F|  |TAMS 0x0000000746a00000, 0x0000000746a00000| Untracked 
| 107|0x0000000746b00000, 0x0000000746b00000, 0x0000000746c00000|  0%| F|  |TAMS 0x0000000746b00000, 0x0000000746b00000| Untracked 
| 108|0x0000000746c00000, 0x0000000746c00000, 0x0000000746d00000|  0%| F|  |TAMS 0x0000000746c00000, 0x0000000746c00000| Untracked 
| 109|0x0000000746d00000, 0x0000000746d00000, 0x0000000746e00000|  0%| F|  |TAMS 0x0000000746d00000, 0x0000000746d00000| Untracked 
| 110|0x0000000746e00000, 0x0000000746e00000, 0x0000000746f00000|  0%| F|  |TAMS 0x0000000746e00000, 0x0000000746e00000| Untracked 
| 111|0x0000000746f00000, 0x0000000746f00000, 0x0000000747000000|  0%| F|  |TAMS 0x0000000746f00000, 0x0000000746f00000| Untracked 
| 112|0x0000000747000000, 0x0000000747000000, 0x0000000747100000|  0%| F|  |TAMS 0x0000000747000000, 0x0000000747000000| Untracked 
| 113|0x0000000747100000, 0x0000000747100000, 0x0000000747200000|  0%| F|  |TAMS 0x0000000747100000, 0x0000000747100000| Untracked 
| 114|0x0000000747200000, 0x0000000747200000, 0x0000000747300000|  0%| F|  |TAMS 0x0000000747200000, 0x0000000747200000| Untracked 
| 115|0x0000000747300000, 0x0000000747300000, 0x0000000747400000|  0%| F|  |TAMS 0x0000000747300000, 0x0000000747300000| Untracked 
| 116|0x0000000747400000, 0x0000000747400000, 0x0000000747500000|  0%| F|  |TAMS 0x0000000747400000, 0x0000000747400000| Untracked 
| 117|0x0000000747500000, 0x0000000747500000, 0x0000000747600000|  0%| F|  |TAMS 0x0000000747500000, 0x0000000747500000| Untracked 
| 118|0x0000000747600000, 0x0000000747600000, 0x0000000747700000|  0%| F|  |TAMS 0x0000000747600000, 0x0000000747600000| Untracked 
| 119|0x0000000747700000, 0x0000000747700000, 0x0000000747800000|  0%| F|  |TAMS 0x0000000747700000, 0x0000000747700000| Untracked 
| 120|0x0000000747800000, 0x0000000747800000, 0x0000000747900000|  0%| F|  |TAMS 0x0000000747800000, 0x0000000747800000| Untracked 
| 121|0x0000000747900000, 0x0000000747900000, 0x0000000747a00000|  0%| F|  |TAMS 0x0000000747900000, 0x0000000747900000| Untracked 
| 122|0x0000000747a00000, 0x0000000747a00000, 0x0000000747b00000|  0%| F|  |TAMS 0x0000000747a00000, 0x0000000747a00000| Untracked 
| 123|0x0000000747b00000, 0x0000000747b00000, 0x0000000747c00000|  0%| F|  |TAMS 0x0000000747b00000, 0x0000000747b00000| Untracked 
| 124|0x0000000747c00000, 0x0000000747c00000, 0x0000000747d00000|  0%| F|  |TAMS 0x0000000747c00000, 0x0000000747c00000| Untracked 
| 125|0x0000000747d00000, 0x0000000747d00000, 0x0000000747e00000|  0%| F|  |TAMS 0x0000000747d00000, 0x0000000747d00000| Untracked 
| 126|0x0000000747e00000, 0x0000000747e00000, 0x0000000747f00000|  0%| F|  |TAMS 0x0000000747e00000, 0x0000000747e00000| Untracked 
| 127|0x0000000747f00000, 0x0000000747f00000, 0x0000000748000000|  0%| F|  |TAMS 0x0000000747f00000, 0x0000000747f00000| Untracked 
| 128|0x0000000748000000, 0x0000000748000000, 0x0000000748100000|  0%| F|  |TAMS 0x0000000748000000, 0x0000000748000000| Untracked 
| 129|0x0000000748100000, 0x0000000748100000, 0x0000000748200000|  0%| F|  |TAMS 0x0000000748100000, 0x0000000748100000| Untracked 
| 130|0x0000000748200000, 0x0000000748200000, 0x0000000748300000|  0%| F|  |TAMS 0x0000000748200000, 0x0000000748200000| Untracked 
| 131|0x0000000748300000, 0x0000000748300000, 0x0000000748400000|  0%| F|  |TAMS 0x0000000748300000, 0x0000000748300000| Untracked 
| 132|0x0000000748400000, 0x0000000748400000, 0x0000000748500000|  0%| F|  |TAMS 0x0000000748400000, 0x0000000748400000| Untracked 
| 133|0x0000000748500000, 0x0000000748500000, 0x0000000748600000|  0%| F|  |TAMS 0x0000000748500000, 0x0000000748500000| Untracked 
| 134|0x0000000748600000, 0x0000000748600000, 0x0000000748700000|  0%| F|  |TAMS 0x0000000748600000, 0x0000000748600000| Untracked 
| 135|0x0000000748700000, 0x0000000748700000, 0x0000000748800000|  0%| F|  |TAMS 0x0000000748700000, 0x0000000748700000| Untracked 
| 136|0x0000000748800000, 0x0000000748800000, 0x0000000748900000|  0%| F|  |TAMS 0x0000000748800000, 0x0000000748800000| Untracked 
| 137|0x0000000748900000, 0x0000000748900000, 0x0000000748a00000|  0%| F|  |TAMS 0x0000000748900000, 0x0000000748900000| Untracked 
| 138|0x0000000748a00000, 0x0000000748a00000, 0x0000000748b00000|  0%| F|  |TAMS 0x0000000748a00000, 0x0000000748a00000| Untracked 
| 139|0x0000000748b00000, 0x0000000748b00000, 0x0000000748c00000|  0%| F|  |TAMS 0x0000000748b00000, 0x0000000748b00000| Untracked 
| 140|0x0000000748c00000, 0x0000000748c00000, 0x0000000748d00000|  0%| F|  |TAMS 0x0000000748c00000, 0x0000000748c00000| Untracked 
| 141|0x0000000748d00000, 0x0000000748d00000, 0x0000000748e00000|  0%| F|  |TAMS 0x0000000748d00000, 0x0000000748d00000| Untracked 
| 142|0x0000000748e00000, 0x0000000748e00000, 0x0000000748f00000|  0%| F|  |TAMS 0x0000000748e00000, 0x0000000748e00000| Untracked 
| 143|0x0000000748f00000, 0x0000000748f00000, 0x0000000749000000|  0%| F|  |TAMS 0x0000000748f00000, 0x0000000748f00000| Untracked 
| 144|0x0000000749000000, 0x0000000749000000, 0x0000000749100000|  0%| F|  |TAMS 0x0000000749000000, 0x0000000749000000| Untracked 
| 145|0x0000000749100000, 0x0000000749100000, 0x0000000749200000|  0%| F|  |TAMS 0x0000000749100000, 0x0000000749100000| Untracked 
| 146|0x0000000749200000, 0x0000000749200000, 0x0000000749300000|  0%| F|  |TAMS 0x0000000749200000, 0x0000000749200000| Untracked 
| 147|0x0000000749300000, 0x0000000749300000, 0x0000000749400000|  0%| F|  |TAMS 0x0000000749300000, 0x0000000749300000| Untracked 
| 148|0x0000000749400000, 0x0000000749400000, 0x0000000749500000|  0%| F|  |TAMS 0x0000000749400000, 0x0000000749400000| Untracked 
| 149|0x0000000749500000, 0x0000000749500000, 0x0000000749600000|  0%| F|  |TAMS 0x0000000749500000, 0x0000000749500000| Untracked 
| 150|0x0000000749600000, 0x0000000749600000, 0x0000000749700000|  0%| F|  |TAMS 0x0000000749600000, 0x0000000749600000| Untracked 
| 151|0x0000000749700000, 0x0000000749700000, 0x0000000749800000|  0%| F|  |TAMS 0x0000000749700000, 0x0000000749700000| Untracked 
| 152|0x0000000749800000, 0x0000000749800000, 0x0000000749900000|  0%| F|  |TAMS 0x0000000749800000, 0x0000000749800000| Untracked 
| 153|0x0000000749900000, 0x0000000749900000, 0x0000000749a00000|  0%| F|  |TAMS 0x0000000749900000, 0x0000000749900000| Untracked 
| 154|0x0000000749a00000, 0x0000000749a00000, 0x0000000749b00000|  0%| F|  |TAMS 0x0000000749a00000, 0x0000000749a00000| Untracked 
| 155|0x0000000749b00000, 0x0000000749b00000, 0x0000000749c00000|  0%| F|  |TAMS 0x0000000749b00000, 0x0000000749b00000| Untracked 
| 156|0x0000000749c00000, 0x0000000749c00000, 0x0000000749d00000|  0%| F|  |TAMS 0x0000000749c00000, 0x0000000749c00000| Untracked 
| 157|0x0000000749d00000, 0x0000000749d00000, 0x0000000749e00000|  0%| F|  |TAMS 0x0000000749d00000, 0x0000000749d00000| Untracked 
| 158|0x0000000749e00000, 0x0000000749e00000, 0x0000000749f00000|  0%| F|  |TAMS 0x0000000749e00000, 0x0000000749e00000| Untracked 
| 159|0x0000000749f00000, 0x0000000749f00000, 0x000000074a000000|  0%| F|  |TAMS 0x0000000749f00000, 0x0000000749f00000| Untracked 
| 160|0x000000074a000000, 0x000000074a000000, 0x000000074a100000|  0%| F|  |TAMS 0x000000074a000000, 0x000000074a000000| Untracked 
| 161|0x000000074a100000, 0x000000074a100000, 0x000000074a200000|  0%| F|  |TAMS 0x000000074a100000, 0x000000074a100000| Untracked 
| 162|0x000000074a200000, 0x000000074a200000, 0x000000074a300000|  0%| F|  |TAMS 0x000000074a200000, 0x000000074a200000| Untracked 
| 163|0x000000074a300000, 0x000000074a300000, 0x000000074a400000|  0%| F|  |TAMS 0x000000074a300000, 0x000000074a300000| Untracked 
| 164|0x000000074a400000, 0x000000074a400000, 0x000000074a500000|  0%| F|  |TAMS 0x000000074a400000, 0x000000074a400000| Untracked 
| 165|0x000000074a500000, 0x000000074a500000, 0x000000074a600000|  0%| F|  |TAMS 0x000000074a500000, 0x000000074a500000| Untracked 
| 166|0x000000074a600000, 0x000000074a600000, 0x000000074a700000|  0%| F|  |TAMS 0x000000074a600000, 0x000000074a600000| Untracked 
| 167|0x000000074a700000, 0x000000074a700000, 0x000000074a800000|  0%| F|  |TAMS 0x000000074a700000, 0x000000074a700000| Untracked 
| 168|0x000000074a800000, 0x000000074a800000, 0x000000074a900000|  0%| F|  |TAMS 0x000000074a800000, 0x000000074a800000| Untracked 
| 169|0x000000074a900000, 0x000000074a900000, 0x000000074aa00000|  0%| F|  |TAMS 0x000000074a900000, 0x000000074a900000| Untracked 
| 170|0x000000074aa00000, 0x000000074aa00000, 0x000000074ab00000|  0%| F|  |TAMS 0x000000074aa00000, 0x000000074aa00000| Untracked 
| 171|0x000000074ab00000, 0x000000074ab00000, 0x000000074ac00000|  0%| F|  |TAMS 0x000000074ab00000, 0x000000074ab00000| Untracked 
| 172|0x000000074ac00000, 0x000000074ac00000, 0x000000074ad00000|  0%| F|  |TAMS 0x000000074ac00000, 0x000000074ac00000| Untracked 
| 173|0x000000074ad00000, 0x000000074ad00000, 0x000000074ae00000|  0%| F|  |TAMS 0x000000074ad00000, 0x000000074ad00000| Untracked 
| 174|0x000000074ae00000, 0x000000074ae00000, 0x000000074af00000|  0%| F|  |TAMS 0x000000074ae00000, 0x000000074ae00000| Untracked 
| 175|0x000000074af00000, 0x000000074af00000, 0x000000074b000000|  0%| F|  |TAMS 0x000000074af00000, 0x000000074af00000| Untracked 
| 176|0x000000074b000000, 0x000000074b000000, 0x000000074b100000|  0%| F|  |TAMS 0x000000074b000000, 0x000000074b000000| Untracked 
| 177|0x000000074b100000, 0x000000074b100000, 0x000000074b200000|  0%| F|  |TAMS 0x000000074b100000, 0x000000074b100000| Untracked 
| 178|0x000000074b200000, 0x000000074b200000, 0x000000074b300000|  0%| F|  |TAMS 0x000000074b200000, 0x000000074b200000| Untracked 
| 179|0x000000074b300000, 0x000000074b300000, 0x000000074b400000|  0%| F|  |TAMS 0x000000074b300000, 0x000000074b300000| Untracked 
| 180|0x000000074b400000, 0x000000074b400000, 0x000000074b500000|  0%| F|  |TAMS 0x000000074b400000, 0x000000074b400000| Untracked 
| 181|0x000000074b500000, 0x000000074b500000, 0x000000074b600000|  0%| F|  |TAMS 0x000000074b500000, 0x000000074b500000| Untracked 
| 182|0x000000074b600000, 0x000000074b600000, 0x000000074b700000|  0%| F|  |TAMS 0x000000074b600000, 0x000000074b600000| Untracked 
| 183|0x000000074b700000, 0x000000074b700000, 0x000000074b800000|  0%| F|  |TAMS 0x000000074b700000, 0x000000074b700000| Untracked 
| 184|0x000000074b800000, 0x000000074b800000, 0x000000074b900000|  0%| F|  |TAMS 0x000000074b800000, 0x000000074b800000| Untracked 
| 185|0x000000074b900000, 0x000000074b900000, 0x000000074ba00000|  0%| F|  |TAMS 0x000000074b900000, 0x000000074b900000| Untracked 
| 186|0x000000074ba00000, 0x000000074ba00000, 0x000000074bb00000|  0%| F|  |TAMS 0x000000074ba00000, 0x000000074ba00000| Untracked 
| 187|0x000000074bb00000, 0x000000074bb00000, 0x000000074bc00000|  0%| F|  |TAMS 0x000000074bb00000, 0x000000074bb00000| Untracked 
| 188|0x000000074bc00000, 0x000000074bc00000, 0x000000074bd00000|  0%| F|  |TAMS 0x000000074bc00000, 0x000000074bc00000| Untracked 
| 189|0x000000074bd00000, 0x000000074bd00000, 0x000000074be00000|  0%| F|  |TAMS 0x000000074bd00000, 0x000000074bd00000| Untracked 
| 190|0x000000074be00000, 0x000000074be00000, 0x000000074bf00000|  0%| F|  |TAMS 0x000000074be00000, 0x000000074be00000| Untracked 
| 191|0x000000074bf00000, 0x000000074bf00000, 0x000000074c000000|  0%| F|  |TAMS 0x000000074bf00000, 0x000000074bf00000| Untracked 
| 192|0x000000074c000000, 0x000000074c000000, 0x000000074c100000|  0%| F|  |TAMS 0x000000074c000000, 0x000000074c000000| Untracked 
| 193|0x000000074c100000, 0x000000074c100000, 0x000000074c200000|  0%| F|  |TAMS 0x000000074c100000, 0x000000074c100000| Untracked 
| 194|0x000000074c200000, 0x000000074c200000, 0x000000074c300000|  0%| F|  |TAMS 0x000000074c200000, 0x000000074c200000| Untracked 
| 195|0x000000074c300000, 0x000000074c300000, 0x000000074c400000|  0%| F|  |TAMS 0x000000074c300000, 0x000000074c300000| Untracked 
| 196|0x000000074c400000, 0x000000074c500000, 0x000000074c500000|100%| S|CS|TAMS 0x000000074c400000, 0x000000074c400000| Complete 
| 197|0x000000074c500000, 0x000000074c600000, 0x000000074c600000|100%| S|CS|TAMS 0x000000074c500000, 0x000000074c500000| Complete 
| 198|0x000000074c600000, 0x000000074c700000, 0x000000074c700000|100%| S|CS|TAMS 0x000000074c600000, 0x000000074c600000| Complete 
| 199|0x000000074c700000, 0x000000074c800000, 0x000000074c800000|100%| S|CS|TAMS 0x000000074c700000, 0x000000074c700000| Complete 
| 200|0x000000074c800000, 0x000000074c900000, 0x000000074c900000|100%| S|CS|TAMS 0x000000074c800000, 0x000000074c800000| Complete 
| 201|0x000000074c900000, 0x000000074ca00000, 0x000000074ca00000|100%| S|CS|TAMS 0x000000074c900000, 0x000000074c900000| Complete 
| 202|0x000000074ca00000, 0x000000074cb00000, 0x000000074cb00000|100%| S|CS|TAMS 0x000000074ca00000, 0x000000074ca00000| Complete 
| 203|0x000000074cb00000, 0x000000074cb00000, 0x000000074cc00000|  0%| F|  |TAMS 0x000000074cb00000, 0x000000074cb00000| Untracked 
| 204|0x000000074cc00000, 0x000000074cd00000, 0x000000074cd00000|100%| S|CS|TAMS 0x000000074cc00000, 0x000000074cc00000| Complete 
| 205|0x000000074cd00000, 0x000000074cd00000, 0x000000074ce00000|  0%| F|  |TAMS 0x000000074cd00000, 0x000000074cd00000| Untracked 
| 206|0x000000074ce00000, 0x000000074ce00000, 0x000000074cf00000|  0%| F|  |TAMS 0x000000074ce00000, 0x000000074ce00000| Untracked 
| 207|0x000000074cf00000, 0x000000074cf00000, 0x000000074d000000|  0%| F|  |TAMS 0x000000074cf00000, 0x000000074cf00000| Untracked 
| 208|0x000000074d000000, 0x000000074d000000, 0x000000074d100000|  0%| F|  |TAMS 0x000000074d000000, 0x000000074d000000| Untracked 
| 209|0x000000074d100000, 0x000000074d100000, 0x000000074d200000|  0%| F|  |TAMS 0x000000074d100000, 0x000000074d100000| Untracked 
| 210|0x000000074d200000, 0x000000074d200000, 0x000000074d300000|  0%| F|  |TAMS 0x000000074d200000, 0x000000074d200000| Untracked 
| 211|0x000000074d300000, 0x000000074d300000, 0x000000074d400000|  0%| F|  |TAMS 0x000000074d300000, 0x000000074d300000| Untracked 
| 212|0x000000074d400000, 0x000000074d400000, 0x000000074d500000|  0%| F|  |TAMS 0x000000074d400000, 0x000000074d400000| Untracked 
| 213|0x000000074d500000, 0x000000074d500000, 0x000000074d600000|  0%| F|  |TAMS 0x000000074d500000, 0x000000074d500000| Untracked 
| 214|0x000000074d600000, 0x000000074d600000, 0x000000074d700000|  0%| F|  |TAMS 0x000000074d600000, 0x000000074d600000| Untracked 
| 215|0x000000074d700000, 0x000000074d700000, 0x000000074d800000|  0%| F|  |TAMS 0x000000074d700000, 0x000000074d700000| Untracked 
| 216|0x000000074d800000, 0x000000074d800000, 0x000000074d900000|  0%| F|  |TAMS 0x000000074d800000, 0x000000074d800000| Untracked 
| 217|0x000000074d900000, 0x000000074d900000, 0x000000074da00000|  0%| F|  |TAMS 0x000000074d900000, 0x000000074d900000| Untracked 
| 218|0x000000074da00000, 0x000000074da00000, 0x000000074db00000|  0%| F|  |TAMS 0x000000074da00000, 0x000000074da00000| Untracked 
| 219|0x000000074db00000, 0x000000074db00000, 0x000000074dc00000|  0%| F|  |TAMS 0x000000074db00000, 0x000000074db00000| Untracked 
| 220|0x000000074dc00000, 0x000000074dc00000, 0x000000074dd00000|  0%| F|  |TAMS 0x000000074dc00000, 0x000000074dc00000| Untracked 
| 221|0x000000074dd00000, 0x000000074dd00000, 0x000000074de00000|  0%| F|  |TAMS 0x000000074dd00000, 0x000000074dd00000| Untracked 
| 222|0x000000074de00000, 0x000000074de00000, 0x000000074df00000|  0%| F|  |TAMS 0x000000074de00000, 0x000000074de00000| Untracked 
| 223|0x000000074df00000, 0x000000074df00000, 0x000000074e000000|  0%| F|  |TAMS 0x000000074df00000, 0x000000074df00000| Untracked 
| 224|0x000000074e000000, 0x000000074e000000, 0x000000074e100000|  0%| F|  |TAMS 0x000000074e000000, 0x000000074e000000| Untracked 
| 225|0x000000074e100000, 0x000000074e100000, 0x000000074e200000|  0%| F|  |TAMS 0x000000074e100000, 0x000000074e100000| Untracked 
| 226|0x000000074e200000, 0x000000074e200000, 0x000000074e300000|  0%| F|  |TAMS 0x000000074e200000, 0x000000074e200000| Untracked 
| 227|0x000000074e300000, 0x000000074e300000, 0x000000074e400000|  0%| F|  |TAMS 0x000000074e300000, 0x000000074e300000| Untracked 
| 228|0x000000074e400000, 0x000000074e400000, 0x000000074e500000|  0%| F|  |TAMS 0x000000074e400000, 0x000000074e400000| Untracked 
| 229|0x000000074e500000, 0x000000074e500000, 0x000000074e600000|  0%| F|  |TAMS 0x000000074e500000, 0x000000074e500000| Untracked 
| 230|0x000000074e600000, 0x000000074e600000, 0x000000074e700000|  0%| F|  |TAMS 0x000000074e600000, 0x000000074e600000| Untracked 
| 231|0x000000074e700000, 0x000000074e700000, 0x000000074e800000|  0%| F|  |TAMS 0x000000074e700000, 0x000000074e700000| Untracked 
| 232|0x000000074e800000, 0x000000074e800000, 0x000000074e900000|  0%| F|  |TAMS 0x000000074e800000, 0x000000074e800000| Untracked 
| 233|0x000000074e900000, 0x000000074e900000, 0x000000074ea00000|  0%| F|  |TAMS 0x000000074e900000, 0x000000074e900000| Untracked 
| 234|0x000000074ea00000, 0x000000074ea00000, 0x000000074eb00000|  0%| F|  |TAMS 0x000000074ea00000, 0x000000074ea00000| Untracked 
| 235|0x000000074eb00000, 0x000000074eb00000, 0x000000074ec00000|  0%| F|  |TAMS 0x000000074eb00000, 0x000000074eb00000| Untracked 
| 236|0x000000074ec00000, 0x000000074ec00000, 0x000000074ed00000|  0%| F|  |TAMS 0x000000074ec00000, 0x000000074ec00000| Untracked 
| 237|0x000000074ed00000, 0x000000074ed00000, 0x000000074ee00000|  0%| F|  |TAMS 0x000000074ed00000, 0x000000074ed00000| Untracked 
| 238|0x000000074ee00000, 0x000000074ee00000, 0x000000074ef00000|  0%| F|  |TAMS 0x000000074ee00000, 0x000000074ee00000| Untracked 
| 239|0x000000074ef00000, 0x000000074ef00000, 0x000000074f000000|  0%| F|  |TAMS 0x000000074ef00000, 0x000000074ef00000| Untracked 
| 240|0x000000074f000000, 0x000000074f000000, 0x000000074f100000|  0%| F|  |TAMS 0x000000074f000000, 0x000000074f000000| Untracked 
| 241|0x000000074f100000, 0x000000074f100000, 0x000000074f200000|  0%| F|  |TAMS 0x000000074f100000, 0x000000074f100000| Untracked 
| 242|0x000000074f200000, 0x000000074f200000, 0x000000074f300000|  0%| F|  |TAMS 0x000000074f200000, 0x000000074f200000| Untracked 
| 243|0x000000074f300000, 0x000000074f39d970, 0x000000074f400000| 61%| E|  |TAMS 0x000000074f300000, 0x000000074f300000| Complete 
| 244|0x000000074f400000, 0x000000074f500000, 0x000000074f500000|100%| E|CS|TAMS 0x000000074f400000, 0x000000074f400000| Complete 
| 245|0x000000074f500000, 0x000000074f600000, 0x000000074f600000|100%| E|CS|TAMS 0x000000074f500000, 0x000000074f500000| Complete 
| 246|0x000000074f600000, 0x000000074f700000, 0x000000074f700000|100%| E|CS|TAMS 0x000000074f600000, 0x000000074f600000| Complete 
| 247|0x000000074f700000, 0x000000074f800000, 0x000000074f800000|100%| E|CS|TAMS 0x000000074f700000, 0x000000074f700000| Complete 
| 248|0x000000074f800000, 0x000000074f900000, 0x000000074f900000|100%| E|CS|TAMS 0x000000074f800000, 0x000000074f800000| Complete 
| 249|0x000000074f900000, 0x000000074fa00000, 0x000000074fa00000|100%| E|CS|TAMS 0x000000074f900000, 0x000000074f900000| Complete 
| 250|0x000000074fa00000, 0x000000074fb00000, 0x000000074fb00000|100%| E|  |TAMS 0x000000074fa00000, 0x000000074fa00000| Complete 
| 251|0x000000074fb00000, 0x000000074fc00000, 0x000000074fc00000|100%| E|CS|TAMS 0x000000074fb00000, 0x000000074fb00000| Complete 
| 252|0x000000074fc00000, 0x000000074fd00000, 0x000000074fd00000|100%| E|CS|TAMS 0x000000074fc00000, 0x000000074fc00000| Complete 
| 253|0x000000074fd00000, 0x000000074fe00000, 0x000000074fe00000|100%| E|CS|TAMS 0x000000074fd00000, 0x000000074fd00000| Complete 
| 254|0x000000074fe00000, 0x000000074ff00000, 0x000000074ff00000|100%| E|CS|TAMS 0x000000074fe00000, 0x000000074fe00000| Complete 
| 255|0x000000074ff00000, 0x0000000750000000, 0x0000000750000000|100%| E|CS|TAMS 0x000000074ff00000, 0x000000074ff00000| Complete 

Card table byte_map: [0x000002f5a6540000,0x000002f5a6b40000] _byte_map_base: 0x000002f5a2b40000

Marking Bits (Prev, Next): (CMBitMap*) 0x000002f5ad28ee70, (CMBitMap*) 0x000002f5ad28ee38
 Prev Bits: [0x000002f5c7ca0000, 0x000002f5caca0000)
 Next Bits: [0x000002f5c4ca0000, 0x000002f5c7ca0000)

Polling page: 0x000002f5a0cf0000

Metaspace:

Usage:
  Non-class:     51.53 MB capacity,    50.93 MB ( 99%) used,   462.77 KB ( <1%) free+waste,   151.81 KB ( <1%) overhead. 
      Class:      7.68 MB capacity,     7.18 MB ( 94%) used,   435.15 KB (  6%) free+waste,    71.50 KB ( <1%) overhead. 
       Both:     59.21 MB capacity,    58.11 MB ( 98%) used,   897.91 KB (  1%) free+waste,   223.31 KB ( <1%) overhead. 

Virtual space:
  Non-class space:       52.00 MB reserved,      51.66 MB (>99%) committed 
      Class space:        1.00 GB reserved,       7.75 MB ( <1%) committed 
             Both:        1.05 GB reserved,      59.41 MB (  6%) committed 

Chunk freelists:
   Non-Class:  17.00 KB
       Class:  0 bytes
        Both:  17.00 KB

MaxMetaspaceSize: 17179869184.00 GB
CompressedClassSpaceSize: 1.00 GB

CodeHeap 'non-profiled nmethods': size=120000Kb used=5581Kb max_used=5581Kb free=114418Kb
 bounds [0x000002f5bd770000, 0x000002f5bdcf0000, 0x000002f5c4ca0000]
CodeHeap 'profiled nmethods': size=120000Kb used=20647Kb max_used=20647Kb free=99352Kb
 bounds [0x000002f5b6240000, 0x000002f5b7670000, 0x000002f5bd770000]
CodeHeap 'non-nmethods': size=5760Kb used=1467Kb max_used=1546Kb free=4292Kb
 bounds [0x000002f5b5ca0000, 0x000002f5b5f10000, 0x000002f5b6240000]
 total_blobs=9076 nmethods=8134 adapters=850
 compilation: enabled
              stopped_count=0, restarted_count=0
 full_count=0

Compilation events (20 events):
Event: 26.191 Thread 0x000002f5ad529000 8111       3       de.javasoft.plaf.synthetica.painter.ImagePainter::drawImage (702 bytes)
Event: 26.193 Thread 0x000002f5ad529000 nmethod 8111 0x000002f5b7656610 code [0x000002f5b7656ca0, 0x000002f5b765acc8]
Event: 26.193 Thread 0x000002f5ad529000 8110       1       de.javasoft.plaf.synthetica.SyntheticaState$State::toInt (5 bytes)
Event: 26.193 Thread 0x000002f5ad529000 nmethod 8110 0x000002f5bdce0f90 code [0x000002f5bdce1140, 0x000002f5bdce11f8]
Event: 26.241 Thread 0x000002f5ad529000 8112       3       java.awt.EventQueue::getNextEventPrivate (76 bytes)
Event: 26.242 Thread 0x000002f5ad529000 nmethod 8112 0x000002f5b765c310 code [0x000002f5b765c4e0, 0x000002f5b765c848]
Event: 26.242 Thread 0x000002f5ad529000 8113       3       sun.awt.image.PixelConverter$Xrgb::rgbToPixel (2 bytes)
Event: 26.242 Thread 0x000002f5ad529000 nmethod 8113 0x000002f5b765c990 code [0x000002f5b765cb40, 0x000002f5b765cc38]
Event: 26.242 Thread 0x000002f5ad529000 8114       1       sun.java2d.loops.ScaledBlit::makePrimitive (2 bytes)
Event: 26.242 Thread 0x000002f5ad529000 nmethod 8114 0x000002f5bdce1290 code [0x000002f5bdce1440, 0x000002f5bdce14f8]
Event: 26.274 Thread 0x000002f5ad529000 8115       1       de.javasoft.plaf.synthetica.painter.AnimationThreadFactory$AnimationThread$ComponentKey::access$0 (5 bytes)
Event: 26.274 Thread 0x000002f5ad529000 nmethod 8115 0x000002f5bdce1590 code [0x000002f5bdce1740, 0x000002f5bdce17d8]
Event: 26.274 Thread 0x000002f5ad529000 8116       1       de.javasoft.plaf.synthetica.painter.AnimationThreadFactory$AnimationThread$ComponentAnimation::access$1 (5 bytes)
Event: 26.274 Thread 0x000002f5ad529000 nmethod 8116 0x000002f5bdce1890 code [0x000002f5bdce1a40, 0x000002f5bdce1ad8]
Event: 26.292 Thread 0x000002f5ad529000 8117       1       sun.java2d.pipe.Region::getHiX (5 bytes)
Event: 26.292 Thread 0x000002f5ad529000 nmethod 8117 0x000002f5bdce1b90 code [0x000002f5bdce1d40, 0x000002f5bdce1df8]
Event: 26.292 Thread 0x000002f5ad529000 8118       1       sun.java2d.pipe.Region::getHiY (5 bytes)
Event: 26.292 Thread 0x000002f5ad529000 nmethod 8118 0x000002f5bdce1e90 code [0x000002f5bdce2040, 0x000002f5bdce20f8]
Event: 26.341 Thread 0x000002f5ad529000 8119       1       de.javasoft.plaf.synthetica.painter.AnimationThreadFactory$AnimationThread$ComponentAnimation::access$11 (5 bytes)
Event: 26.342 Thread 0x000002f5ad529000 nmethod 8119 0x000002f5bdce2190 code [0x000002f5bdce2340, 0x000002f5bdce23d8]

GC Heap History (18 events):
Event: 13.926 GC heap before
{Heap before GC invocations=0 (full 0):
 garbage-first heap   total 262144K, used 65536K [0x0000000740000000, 0x0000000800000000)
  region size 1024K, 60 young (61440K), 0 survivors (0K)
 Metaspace       used 12931K, capacity 13321K, committed 13440K, reserved 1060864K
  class space    used 1201K, capacity 1361K, committed 1408K, reserved 1048576K
}
Event: 13.964 GC heap after
{Heap after GC invocations=1 (full 0):
 garbage-first heap   total 262144K, used 18012K [0x0000000740000000, 0x0000000800000000)
  region size 1024K, 8 young (8192K), 8 survivors (8192K)
 Metaspace       used 12931K, capacity 13321K, committed 13440K, reserved 1060864K
  class space    used 1201K, capacity 1361K, committed 1408K, reserved 1048576K
}
Event: 15.468 GC heap before
{Heap before GC invocations=1 (full 0):
 garbage-first heap   total 262144K, used 51804K [0x0000000740000000, 0x0000000800000000)
  region size 1024K, 41 young (41984K), 8 survivors (8192K)
 Metaspace       used 20504K, capacity 21046K, committed 21248K, reserved 1069056K
  class space    used 1809K, capacity 2039K, committed 2048K, reserved 1048576K
}
Event: 15.485 GC heap after
{Heap after GC invocations=2 (full 0):
 garbage-first heap   total 262144K, used 21792K [0x0000000740000000, 0x0000000800000000)
  region size 1024K, 4 young (4096K), 4 survivors (4096K)
 Metaspace       used 20504K, capacity 21046K, committed 21248K, reserved 1069056K
  class space    used 1809K, capacity 2039K, committed 2048K, reserved 1048576K
}
Event: 16.975 GC heap before
{Heap before GC invocations=3 (full 0):
 garbage-first heap   total 262144K, used 81184K [0x0000000740000000, 0x0000000800000000)
  region size 1024K, 60 young (61440K), 4 survivors (4096K)
 Metaspace       used 27688K, capacity 28329K, committed 28416K, reserved 1075200K
  class space    used 2709K, capacity 2993K, committed 3072K, reserved 1048576K
}
Event: 16.994 GC heap after
{Heap after GC invocations=4 (full 0):
 garbage-first heap   total 262144K, used 25652K [0x0000000740000000, 0x0000000800000000)
  region size 1024K, 8 young (8192K), 8 survivors (8192K)
 Metaspace       used 27688K, capacity 28329K, committed 28416K, reserved 1075200K
  class space    used 2709K, capacity 2993K, committed 3072K, reserved 1048576K
}
Event: 17.848 GC heap before
{Heap before GC invocations=4 (full 0):
 garbage-first heap   total 262144K, used 84020K [0x0000000740000000, 0x0000000800000000)
  region size 1024K, 60 young (61440K), 8 survivors (8192K)
 Metaspace       used 32264K, capacity 32975K, committed 33024K, reserved 1079296K
  class space    used 3251K, capacity 3536K, committed 3584K, reserved 1048576K
}
Event: 17.850 GC heap after
{Heap after GC invocations=5 (full 0):
 garbage-first heap   total 262144K, used 36134K [0x0000000740000000, 0x0000000800000000)
  region size 1024K, 5 young (5120K), 5 survivors (5120K)
 Metaspace       used 32264K, capacity 32975K, committed 33024K, reserved 1079296K
  class space    used 3251K, capacity 3536K, committed 3584K, reserved 1048576K
}
Event: 18.230 GC heap before
{Heap before GC invocations=5 (full 0):
 garbage-first heap   total 262144K, used 77094K [0x0000000740000000, 0x0000000800000000)
  region size 1024K, 46 young (47104K), 5 survivors (5120K)
 Metaspace       used 34802K, capacity 35490K, committed 35628K, reserved 1081344K
  class space    used 3614K, capacity 3923K, committed 3968K, reserved 1048576K
}
Event: 18.233 GC heap after
{Heap after GC invocations=6 (full 0):
 garbage-first heap   total 262144K, used 34345K [0x0000000740000000, 0x0000000800000000)
  region size 1024K, 5 young (5120K), 5 survivors (5120K)
 Metaspace       used 34802K, capacity 35490K, committed 35628K, reserved 1081344K
  class space    used 3614K, capacity 3923K, committed 3968K, reserved 1048576K
}
Event: 23.841 GC heap before
{Heap before GC invocations=7 (full 0):
 garbage-first heap   total 262144K, used 90665K [0x0000000740000000, 0x0000000800000000)
  region size 1024K, 60 young (61440K), 5 survivors (5120K)
 Metaspace       used 45506K, capacity 46382K, committed 46636K, reserved 1091584K
  class space    used 5107K, capacity 5498K, committed 5504K, reserved 1048576K
}
Event: 23.844 GC heap after
{Heap after GC invocations=8 (full 0):
 garbage-first heap   total 262144K, used 39808K [0x0000000740000000, 0x0000000800000000)
  region size 1024K, 7 young (7168K), 7 survivors (7168K)
 Metaspace       used 45506K, capacity 46382K, committed 46636K, reserved 1091584K
  class space    used 5107K, capacity 5498K, committed 5504K, reserved 1048576K
}
Event: 24.546 GC heap before
{Heap before GC invocations=8 (full 0):
 garbage-first heap   total 262144K, used 93056K [0x0000000740000000, 0x0000000800000000)
  region size 1024K, 60 young (61440K), 7 survivors (7168K)
 Metaspace       used 51450K, capacity 52455K, committed 52652K, reserved 1095680K
  class space    used 5933K, capacity 6388K, committed 6400K, reserved 1048576K
}
Event: 24.563 GC heap after
{Heap after GC invocations=9 (full 0):
 garbage-first heap   total 262144K, used 48994K [0x0000000740000000, 0x0000000800000000)
  region size 1024K, 8 young (8192K), 8 survivors (8192K)
 Metaspace       used 51450K, capacity 52455K, committed 52652K, reserved 1095680K
  class space    used 5933K, capacity 6388K, committed 6400K, reserved 1048576K
}
Event: 25.020 GC heap before
{Heap before GC invocations=9 (full 0):
 garbage-first heap   total 262144K, used 102242K [0x0000000740000000, 0x0000000800000000)
  region size 1024K, 60 young (61440K), 8 survivors (8192K)
 Metaspace       used 52932K, capacity 53869K, committed 54188K, reserved 1097728K
  class space    used 6173K, capacity 6614K, committed 6656K, reserved 1048576K
}
Event: 25.023 GC heap after
{Heap after GC invocations=10 (full 0):
 garbage-first heap   total 262144K, used 51511K [0x0000000740000000, 0x0000000800000000)
  region size 1024K, 5 young (5120K), 5 survivors (5120K)
 Metaspace       used 52932K, capacity 53869K, committed 54188K, reserved 1097728K
  class space    used 6173K, capacity 6614K, committed 6656K, reserved 1048576K
}
Event: 25.927 GC heap before
{Heap before GC invocations=10 (full 0):
 garbage-first heap   total 262144K, used 142647K [0x0000000740000000, 0x0000000800000000)
  region size 1024K, 56 young (57344K), 5 survivors (5120K)
 Metaspace       used 58578K, capacity 59667K, committed 59808K, reserved 1101824K
  class space    used 7193K, capacity 7651K, committed 7680K, reserved 1048576K
}
Event: 25.932 GC heap after
{Heap after GC invocations=11 (full 0):
 garbage-first heap   total 262144K, used 104543K [0x0000000740000000, 0x0000000800000000)
  region size 1024K, 8 young (8192K), 8 survivors (8192K)
 Metaspace       used 58578K, capacity 59667K, committed 59808K, reserved 1101824K
  class space    used 7193K, capacity 7651K, committed 7680K, reserved 1048576K
}

Deoptimization events (20 events):
Event: 26.036 Thread 0x000002f5ced7d000 Uncommon trap: trap_request=0xffffff4d fr.pc=0x000002f5bdba8ef0 relative=0x0000000000000230
Event: 26.036 Thread 0x000002f5ced7d000 Uncommon trap: reason=unstable_if action=reinterpret pc=0x000002f5bdba8ef0 method=java.awt.Container.createHierarchyEvents(ILjava/awt/Component;Ljava/awt/Container;JZ)I @ 22 c2
Event: 26.036 Thread 0x000002f5ced7d000 DEOPT PACKING pc=0x000002f5bdba8ef0 sp=0x000000fcd95fcd10
Event: 26.036 Thread 0x000002f5ced7d000 DEOPT UNPACKING pc=0x000002f5b5cc68af sp=0x000000fcd95fccc8 mode 2
Event: 26.039 Thread 0x000002f5ced7d000 Uncommon trap: trap_request=0xffffff4d fr.pc=0x000002f5bdc0380c relative=0x00000000000001cc
Event: 26.039 Thread 0x000002f5ced7d000 Uncommon trap: reason=unstable_if action=reinterpret pc=0x000002f5bdc0380c method=java.security.AccessControlContext.calculateFields(Ljava/security/AccessControlContext;Ljava/security/AccessControlContext;[Ljava/security/Permission;)V @ 21 c2
Event: 26.039 Thread 0x000002f5ced7d000 DEOPT PACKING pc=0x000002f5bdc0380c sp=0x000000fcd95faec0
Event: 26.039 Thread 0x000002f5ced7d000 DEOPT UNPACKING pc=0x000002f5b5cc68af sp=0x000000fcd95fae58 mode 2
Event: 26.042 Thread 0x000002f5ced7d000 DEOPT PACKING pc=0x000002f5b75b9318 sp=0x000000fcd95f8430
Event: 26.042 Thread 0x000002f5ced7d000 DEOPT UNPACKING pc=0x000002f5b5cc705e sp=0x000000fcd95f78e0 mode 0
Event: 26.052 Thread 0x000002f5ced7d000 DEOPT PACKING pc=0x000002f5b74d4288 sp=0x000000fcd95f5560
Event: 26.052 Thread 0x000002f5ced7d000 DEOPT UNPACKING pc=0x000002f5b5cc705e sp=0x000000fcd95f4a38 mode 0
Event: 26.058 Thread 0x000002f5ced7d000 DEOPT PACKING pc=0x000002f5b7061160 sp=0x000000fcd95f5770
Event: 26.058 Thread 0x000002f5ced7d000 DEOPT UNPACKING pc=0x000002f5b5cc705e sp=0x000000fcd95f4c00 mode 0
Event: 26.058 Thread 0x000002f5ced7d000 DEOPT PACKING pc=0x000002f5b7061160 sp=0x000000fcd95f5770
Event: 26.058 Thread 0x000002f5ced7d000 DEOPT UNPACKING pc=0x000002f5b5cc705e sp=0x000000fcd95f4c00 mode 0
Event: 26.063 Thread 0x000002f5ced7d000 DEOPT PACKING pc=0x000002f5b7061160 sp=0x000000fcd95f5770
Event: 26.063 Thread 0x000002f5ced7d000 DEOPT UNPACKING pc=0x000002f5b5cc705e sp=0x000000fcd95f4c00 mode 0
Event: 26.063 Thread 0x000002f5ced7d000 DEOPT PACKING pc=0x000002f5b74d4288 sp=0x000000fcd95f5560
Event: 26.063 Thread 0x000002f5ced7d000 DEOPT UNPACKING pc=0x000002f5b5cc705e sp=0x000000fcd95f4a38 mode 0

Classes redefined (0 events):
No events

Internal exceptions (20 events):
Event: 25.523 Thread 0x000002f5ced7d000 Exception <a 'java/lang/NoSuchMethodError'{0x000000074e2dc6f8}: 'java.lang.Object java.lang.invoke.DelegatingMethodHandle$Holder.reinvoke_L(java.lang.Object, int, int, int, java.lang.Object, int, int)'> (0x000000074e2dc6f8) thrown at [./src/hotspot/share/interpreter/linkResolver.cpp, line 773]
Event: 25.523 Thread 0x000002f5ced7d000 Exception <a 'java/lang/NoSuchMethodError'{0x000000074e2e3878}: 'java.lang.Object java.lang.invoke.DirectMethodHandle$Holder.invokeStatic(java.lang.Object, java.lang.Object, java.lang.Object, java.lang.Object, java.lang.Object, int)'> (0x000000074e2e3878) thrown at [./src/hotspot/share/interpreter/linkResolver.cpp, line 773]
Event: 25.524 Thread 0x000002f5ced7d000 Exception <a 'java/lang/NoSuchMethodError'{0x000000074e2f9588}: 'java.lang.Object java.lang.invoke.DirectMethodHandle$Holder.invokeStatic(java.lang.Object, java.lang.Object, java.lang.Object, java.lang.Object, java.lang.Object, int, int)'> (0x000000074e2f9588) thrown at [./src/hotspot/share/interpreter/linkResolver.cpp, line 773]
Event: 25.524 Thread 0x000002f5ced7d000 Exception <a 'java/lang/NoSuchMethodError'{0x000000074e110050}: 'java.lang.Object java.lang.invoke.DirectMethodHandle$Holder.invokeStatic(java.lang.Object, java.lang.Object, java.lang.Object, java.lang.Object, java.lang.Object, int, int, java.lang.Object)'> (0x000000074e110050) thrown at [./src/hotspot/share/interpreter/linkResolver.cpp, line 773]
Event: 25.524 Thread 0x000002f5ced7d000 Exception <a 'java/lang/NoSuchMethodError'{0x000000074e118118}: 'java.lang.Object java.lang.invoke.Invokers$Holder.linkToTargetMethod(java.lang.Object, int, int, java.lang.Object)'> (0x000000074e118118) thrown at [./src/hotspot/share/interpreter/linkResolver.cpp, line 773]
Event: 25.819 Thread 0x000002f5ced7d000 Exception <a 'java/lang/NoSuchMethodError'{0x000000074d0d1ea0}: 'java.lang.Object java.lang.invoke.DirectMethodHandle$Holder.invokeSpecial(java.lang.Object, java.lang.Object, int, int, int, java.lang.Object, java.lang.Object, java.lang.Object, java.lang.Object)'> (0x000000074d0d1ea0) thrown at [./src/hotspot/share/interpreter/linkResolver.cpp, line 773]
Event: 25.819 Thread 0x000002f5ced7d000 Exception <a 'java/lang/NoSuchMethodError'{0x000000074d0d5900}: 'java.lang.Object java.lang.invoke.DelegatingMethodHandle$Holder.reinvoke_L(java.lang.Object, int, int, int, java.lang.Object, java.lang.Object, java.lang.Object, java.lang.Object)'> (0x000000074d0d5900) thrown at [./src/hotspot/share/interpreter/linkResolver.cpp, line 773]
Event: 25.820 Thread 0x000002f5ced7d000 Exception <a 'java/lang/NoSuchMethodError'{0x000000074d0f6de8}: 'java.lang.Object java.lang.invoke.DirectMethodHandle$Holder.invokeStatic(java.lang.Object, java.lang.Object, java.lang.Object, java.lang.Object, java.lang.Object, java.lang.Object, java.lang.Object, int)'> (0x000000074d0f6de8) thrown at [./src/hotspot/share/interpreter/linkResolver.cpp, line 773]
Event: 25.820 Thread 0x000002f5ced7d000 Exception <a 'java/lang/NoSuchMethodError'{0x000000074cf0f520}: 'java.lang.Object java.lang.invoke.DirectMethodHandle$Holder.invokeStatic(java.lang.Object, java.lang.Object, java.lang.Object, java.lang.Object, java.lang.Object, java.lang.Object, java.lang.Object, int, int)'> (0x000000074cf0f520) thrown at [./src/hotspot/share/interpreter/linkResolver.cpp, line 773]
Event: 25.821 Thread 0x000002f5ced7d000 Exception <a 'java/lang/NoSuchMethodError'{0x000000074cf28e90}: 'java.lang.Object java.lang.invoke.DirectMethodHandle$Holder.invokeStatic(java.lang.Object, java.lang.Object, java.lang.Object, java.lang.Object, java.lang.Object, java.lang.Object, java.lang.Object, int, int, java.lang.Object)'> (0x000000074cf28e90) thrown at [./src/hotspot/share/interpreter/linkResolver.cpp, line 773]
Event: 25.822 Thread 0x000002f5ced7d000 Exception <a 'java/lang/NoSuchMethodError'{0x000000074cf43d70}: 'java.lang.Object java.lang.invoke.DirectMethodHandle$Holder.invokeStatic(java.lang.Object, java.lang.Object, java.lang.Object, java.lang.Object, java.lang.Object, java.lang.Object, java.lang.Object, int, int, java.lang.Object, java.lang.Object)'> (0x000000074cf43d70) thrown at [./src/hotspot/share/interpreter/linkResolver.cpp, line 773]
Event: 25.822 Thread 0x000002f5ced7d000 Exception <a 'java/lang/NoSuchMethodError'{0x000000074cf60050}: 'java.lang.Object java.lang.invoke.DirectMethodHandle$Holder.invokeStatic(java.lang.Object, java.lang.Object, java.lang.Object, java.lang.Object, java.lang.Object, java.lang.Object, java.lang.Object, int, int, java.lang.Object, java.lang.Object, java.lang.Object)'> (0x000000074cf60050) thrown at [./src/hotspot/share/interpreter/linkResolver.cpp, line 773]
Event: 25.823 Thread 0x000002f5ced7d000 Exception <a 'java/lang/NoSuchMethodError'{0x000000074cf7dd80}: 'java.lang.Object java.lang.invoke.DirectMethodHandle$Holder.invokeStatic(java.lang.Object, java.lang.Object, java.lang.Object, java.lang.Object, java.lang.Object, java.lang.Object, java.lang.Object, int, int, java.lang.Object, java.lang.Object, java.lang.Object, java.lang.Object)'> (0x000000074cf7dd80) thrown at [./src/hotspot/share/interpreter/linkResolver.cpp, line 773]
Event: 26.008 Thread 0x000002f5ced7d000 Implicit null exception at 0x000002f5bdc0ea77 to 0x000002f5bdc0ec62
Event: 26.035 Thread 0x000002f5d5a44000 Implicit null exception at 0x000002f5bdb92cf6 to 0x000002f5bdb92dc0
Event: 26.038 Thread 0x000002f5d5a44000 Exception <a 'java/lang/NoSuchMethodError'{0x000000074f6af210}: 'java.lang.Object java.lang.invoke.DirectMethodHandle$Holder.invokeSpecial(java.lang.Object, java.lang.Object, int, int, int, java.lang.Object, java.lang.Object, java.lang.Object)'> (0x000000074f6af210) thrown at [./src/hotspot/share/interpreter/linkResolver.cpp, line 773]
Event: 26.038 Thread 0x000002f5d5a44000 Exception <a 'java/lang/NoSuchMethodError'{0x000000074f6b2850}: 'java.lang.Object java.lang.invoke.DelegatingMethodHandle$Holder.reinvoke_L(java.lang.Object, int, int, int, java.lang.Object, java.lang.Object, java.lang.Object)'> (0x000000074f6b2850) thrown at [./src/hotspot/share/interpreter/linkResolver.cpp, line 773]
Event: 26.039 Thread 0x000002f5ced7d000 Implicit null exception at 0x000002f5bdc0367f to 0x000002f5bdc037f0
Event: 26.039 Thread 0x000002f5d5a44000 Exception <a 'java/lang/NoSuchMethodError'{0x000000074f6d3248}: 'java.lang.Object java.lang.invoke.DirectMethodHandle$Holder.invokeStatic(java.lang.Object, java.lang.Object, java.lang.Object, java.lang.Object, java.lang.Object, int, int, java.lang.Object, java.lang.Object)'> (0x000000074f6d3248) thrown at [./src/hotspot/share/interpreter/linkResolver.cpp, line 773]
Event: 26.040 Thread 0x000002f5d5a44000 Exception <a 'java/lang/NoSuchMethodError'{0x000000074f6ed128}: 'java.lang.Object java.lang.invoke.DirectMethodHandle$Holder.invokeStatic(java.lang.Object, java.lang.Object, java.lang.Object, java.lang.Object, java.lang.Object, int, int, java.lang.Object, java.lang.Object, java.lang.Object)'> (0x000000074f6ed128) thrown at [./src/hotspot/share/interpreter/linkResolver.cpp, line 773]

Events (20 events):
Event: 26.065 loading class de/javasoft/plaf/synthetica/painter/ProgressBarPainter done
Event: 26.069 Thread 0x000002f5d5a46800 Thread added: 0x000002f5d5a46800
Event: 26.078 loading class ui/views/T/B
Event: 26.078 loading class ui/views/T/B done
Event: 26.079 loading class ui/views/x/a/j
Event: 26.079 loading class ui/views/x/a/j done
Event: 26.080 loading class ui/views/x/a/l
Event: 26.080 loading class ui/views/x/a/l done
Event: 26.081 loading class ui/views/x/b/U
Event: 26.081 loading class ui/views/x/b/U done
Event: 26.109 Executing VM operation: RevokeBias
Event: 26.109 Executing VM operation: RevokeBias done
Event: 26.143 Executing VM operation: RevokeBias
Event: 26.143 Executing VM operation: RevokeBias done
Event: 26.143 Executing VM operation: RevokeBias
Event: 26.143 Executing VM operation: RevokeBias done
Event: 26.191 Thread 0x000002f5ccf05000 Thread exited: 0x000002f5ccf05000
Event: 26.241 Thread 0x000002f5ccf01800 Thread exited: 0x000002f5ccf01800
Event: 26.363 loading class ui/frmwork/xhub/q
Event: 26.363 loading class ui/frmwork/xhub/q done


Dynamic libraries:
0x00007ff6d0110000 - 0x00007ff6d0141000 	C:\Vivado\Vivado\2022.2\bin\unwrapped\win64.o\vivado.exe
0x00007ffc0fdd0000 - 0x00007ffc0ffe9000 	C:\Windows\SYSTEM32\ntdll.dll
0x00007ffc0e850000 - 0x00007ffc0e914000 	C:\Windows\System32\KERNEL32.DLL
0x00007ffc0d220000 - 0x00007ffc0d5e8000 	C:\Windows\System32\KERNELBASE.dll
0x00007ffc0d5f0000 - 0x00007ffc0d701000 	C:\Windows\System32\ucrtbase.dll
0x00007ffbe1de0000 - 0x00007ffbe1e69000 	C:\Windows\SYSTEM32\MSVCP140.dll
0x00007ffbe1dc0000 - 0x00007ffbe1dde000 	C:\Windows\SYSTEM32\VCRUNTIME140.dll
0x00007ffbe1e70000 - 0x00007ffbe1e7c000 	C:\Windows\SYSTEM32\VCRUNTIME140_1.dll
0x00007ffbe8570000 - 0x00007ffbe8588000 	C:\Vivado\Vivado\2022.2\lib\win64.o\librdi_commonmain.dll
0x00007ffbef350000 - 0x00007ffbef359000 	C:\Vivado\Vivado\2022.2\lib\win64.o\librdi_commonversion.dll
0x00007ffbe81c0000 - 0x00007ffbe81e1000 	C:\Vivado\Vivado\2022.2\lib\win64.o\libboost_filesystem.dll
0x00007ffc0fcd0000 - 0x00007ffc0fd81000 	C:\Windows\System32\ADVAPI32.dll
0x00007ffc0e920000 - 0x00007ffc0e9c7000 	C:\Windows\System32\msvcrt.dll
0x00007ffc0db80000 - 0x00007ffc0dc28000 	C:\Windows\System32\sechost.dll
0x00007ffc0cf70000 - 0x00007ffc0cf98000 	C:\Windows\System32\bcrypt.dll
0x00007ffc0dc60000 - 0x00007ffc0dd78000 	C:\Windows\System32\RPCRT4.dll
0x00007ffbcf1b0000 - 0x00007ffbcf365000 	C:\Vivado\Vivado\2022.2\lib\win64.o\librdi_commonxillic.dll
0x00007ffc0ebb0000 - 0x00007ffc0ed61000 	C:\Windows\System32\USER32.dll
0x00007ffc0d710000 - 0x00007ffc0d736000 	C:\Windows\System32\win32u.dll
0x00007ffc0dc30000 - 0x00007ffc0dc59000 	C:\Windows\System32\GDI32.dll
0x00007ffc0d7e0000 - 0x00007ffc0d8fc000 	C:\Windows\System32\gdi32full.dll
0x00007ffc0d740000 - 0x00007ffc0d7da000 	C:\Windows\System32\msvcp_win.dll
0x00007ffc0ea90000 - 0x00007ffc0eb01000 	C:\Windows\System32\WS2_32.dll
0x000000005f6f0000 - 0x000000005f81b000 	C:\Vivado\Vivado\2022.2\lib\win64.o\tcl85t.dll
0x00007ffbb17a0000 - 0x00007ffbb1ab6000 	C:\Vivado\Vivado\2022.2\lib\win64.o\libXil_lmgr11.dll
0x00007ffc0f7b0000 - 0x00007ffc0f8b3000 	C:\Windows\System32\COMDLG32.dll
0x00007ffc0f8c0000 - 0x00007ffc0fc52000 	C:\Windows\System32\combase.dll
0x00007ffc0da70000 - 0x00007ffc0db74000 	C:\Windows\System32\shcore.dll
0x00007ffc0eb40000 - 0x00007ffc0eba9000 	C:\Windows\System32\SHLWAPI.dll
0x00007ffc0ee20000 - 0x00007ffc0f6bd000 	C:\Windows\System32\SHELL32.dll
0x00007ffc0d020000 - 0x00007ffc0d15f000 	C:\Windows\System32\wintypes.dll
0x00007ffc0e130000 - 0x00007ffc0e209000 	C:\Windows\System32\OLEAUT32.dll
0x00007ffc0dd80000 - 0x00007ffc0df21000 	C:\Windows\System32\ole32.dll
0x00007ffc0cfa0000 - 0x00007ffc0d01c000 	C:\Windows\System32\WINTRUST.dll
0x00007ffc0d900000 - 0x00007ffc0da68000 	C:\Windows\System32\CRYPT32.dll
0x00007ffbd0d90000 - 0x00007ffbd0ea4000 	C:\Vivado\Vivado\2022.2\lib\win64.o\libboost_regex.dll
0x00007ffbafc00000 - 0x00007ffbb0b7d200 	C:\Vivado\Vivado\2022.2\lib\win64.o\libisl_iostreams.dll
0x00007ffbf9140000 - 0x00007ffbf9159000 	C:\Windows\SYSTEM32\NETAPI32.dll
0x00007ffbcc980000 - 0x00007ffbcca33000 	C:\Windows\WinSxS\amd64_microsoft.windows.common-controls_6595b64144ccf1df_5.82.22621.5983_none_b43eefe36389d177\COMCTL32.dll
0x00007ffbcfff0000 - 0x00007ffbcfff9000 	C:\Windows\SYSTEM32\WSOCK32.dll
0x00007ffc07970000 - 0x00007ffc0798f000 	C:\Windows\SYSTEM32\dhcpcsvc.DLL
0x00007ffc0c440000 - 0x00007ffc0c468000 	C:\Windows\SYSTEM32\USERENV.dll
0x00007ffbe7d00000 - 0x00007ffbe7d11000 	C:\Vivado\Vivado\2022.2\lib\win64.o\libboost_date_time.dll
0x00007ffbe7930000 - 0x00007ffbe7948000 	C:\Vivado\Vivado\2022.2\lib\win64.o\libboost_iostreams.dll
0x00007ffbe7870000 - 0x00007ffbe788c000 	C:\Vivado\Vivado\2022.2\lib\win64.o\libboost_thread.dll
0x00007ffbe7840000 - 0x00007ffbe7864000 	C:\Vivado\Vivado\2022.2\lib\win64.o\libisl_iosutils.dll
0x00007ffbe6b80000 - 0x00007ffbe6b9a000 	C:\Vivado\Vivado\2022.2\lib\win64.o\pthreadVC2.dll
0x00007ffbe4ed0000 - 0x00007ffbe4ef1000 	C:\Vivado\Vivado\2022.2\lib\win64.o\librdizlib.dll
0x00007ffb4d6f0000 - 0x00007ffb4eb21000 	C:\Vivado\Vivado\2022.2\lib\win64.o\librdi_common.dll
0x00007ffbb1370000 - 0x00007ffbb16de000 	C:\Vivado\Vivado\2022.2\lib\win64.o\libCOIN-all.dll
0x00007ffbdc100000 - 0x00007ffbdc1a5000 	C:\Vivado\Vivado\2022.2\lib\win64.o\libhdxml.dll
0x00007ffbeecf0000 - 0x00007ffbeecfc000 	C:\Vivado\Vivado\2022.2\lib\win64.o\libboost_xilinx.dll
0x00007ffbd3530000 - 0x00007ffbd35b2000 	C:\Vivado\Vivado\2022.2\lib\win64.o\libhdlpsolve.dll
0x00007ffbd3310000 - 0x00007ffbd3389000 	C:\Vivado\Vivado\2022.2\lib\win64.o\libboost_program_options.dll
0x00007ffbe4de0000 - 0x00007ffbe4e0a000 	C:\Vivado\Vivado\2022.2\lib\win64.o\libisl_sysinfo.dll
0x00007ffbe2330000 - 0x00007ffbe282e000 	C:\Windows\SYSTEM32\WININET.dll
0x00007ffc0bde0000 - 0x00007ffc0bf0c000 	C:\Windows\SYSTEM32\WINHTTP.dll
0x00007ffbe4000000 - 0x00007ffbe41f5000 	C:\Windows\SYSTEM32\urlmon.dll
0x00007ffb4b7d0000 - 0x00007ffb4d6e7000 	C:\Vivado\Vivado\2022.2\lib\win64.o\gurobi90.dll
0x00007ffc0f6c0000 - 0x00007ffc0f721000 	C:\Windows\System32\WLDAP32.dll
0x00007ffc0fc60000 - 0x00007ffc0fc68000 	C:\Windows\System32\Normaliz.dll
0x00007ffbe4cb0000 - 0x00007ffbe4ce0000 	C:\Windows\SYSTEM32\VCOMP140.DLL
0x00007ffbef880000 - 0x00007ffbefb3f000 	C:\Windows\SYSTEM32\iertutil.dll
0x00007ffc0b970000 - 0x00007ffc0b998000 	C:\Windows\SYSTEM32\srvcli.dll
0x00007ffc0b9a0000 - 0x00007ffc0b9ac000 	C:\Windows\SYSTEM32\netutils.dll
0x00007ffc0ac10000 - 0x00007ffc0b522000 	C:\Windows\SYSTEM32\windows.storage.dll
0x00007ffbe4840000 - 0x00007ffbe48a5000 	C:\Vivado\Vivado\2022.2\lib\win64.o\liblmx6.0.dll
0x00007ffbe4dc0000 - 0x00007ffbe4ddc000 	C:\Vivado\Vivado\2022.2\lib\win64.o\librdiconfig.dll
0x00007ffbb4780000 - 0x00007ffbb4a41000 	C:\Vivado\Vivado\2022.2\lib\win64.o\xerces-c_3_2.dll
0x00007ffc0c3a0000 - 0x00007ffc0c409000 	C:\Windows\SYSTEM32\MSWSOCK.DLL
0x00007ffc0e0f0000 - 0x00007ffc0e121000 	C:\Windows\System32\IMM32.DLL
0x00007ffc0c6f0000 - 0x00007ffc0c702000 	C:\Windows\SYSTEM32\MSASN1.dll
0x00007ffc0c6a0000 - 0x00007ffc0c6bb000 	C:\Windows\SYSTEM32\CRYPTSP.dll
0x00007ffc0bd20000 - 0x00007ffc0bd57000 	C:\Windows\system32\rsaenh.dll
0x00007ffc0c680000 - 0x00007ffc0c68c000 	C:\Windows\SYSTEM32\CRYPTBASE.dll
0x00007ffc0cef0000 - 0x00007ffc0cf6b000 	C:\Windows\System32\bcryptPrimitives.dll
0x00007ffc0eb20000 - 0x00007ffc0eb3f000 	C:\Windows\System32\imagehlp.dll
0x00007ffc0bdc0000 - 0x00007ffc0bdd8000 	C:\Windows\SYSTEM32\kernel.appcore.dll
0x00007ffbabc80000 - 0x00007ffbac1b3000 	C:\Vivado\Vivado\2022.2\lib\win64.o\librdi_commontasks.dll
0x00007ffbf8dc0000 - 0x00007ffbf8dca000 	C:\Windows\SYSTEM32\VERSION.dll
0x00007ffb7aca0000 - 0x00007ffb7b7ed000 	C:\Vivado\Vivado\2022.2\tps\win64\jre11.0.11_9\bin\server\jvm.dll
0x00007ffc0e0e0000 - 0x00007ffc0e0e8000 	C:\Windows\System32\PSAPI.DLL
0x00007ffc03c10000 - 0x00007ffc03c44000 	C:\Windows\SYSTEM32\WINMM.dll
0x00007ffbac630000 - 0x00007ffbac955a00 	C:\Vivado\Vivado\2022.2\lib\win64.o\librdi_sio.dll
0x00007ffc0b650000 - 0x00007ffc0b67d000 	C:\Windows\SYSTEM32\IPHLPAPI.DLL
0x00007ffc0c150000 - 0x00007ffc0c193000 	C:\Windows\SYSTEM32\SspiCli.dll
0x00007ffc06a20000 - 0x00007ffc06a37000 	C:\Windows\system32\napinsp.dll
0x00007ffc06a40000 - 0x00007ffc06a5b000 	C:\Windows\system32\pnrpnsp.dll
0x00007ffc0b680000 - 0x00007ffc0b781000 	C:\Windows\SYSTEM32\DNSAPI.dll
0x00007ffc0ea80000 - 0x00007ffc0ea89000 	C:\Windows\System32\NSI.dll
0x00007ffc06af0000 - 0x00007ffc06b01000 	C:\Windows\System32\winrnr.dll
0x00007ffc04420000 - 0x00007ffc04435000 	C:\Windows\system32\wshbth.dll
0x00007ffc06b10000 - 0x00007ffc06b31000 	C:\Windows\system32\nlansp_c.dll
0x00007ffb48aa0000 - 0x00007ffb4b7c5000 	C:\Vivado\Vivado\2022.2\lib\win64.o\librdi_tcltasks.dll
0x00007ffbcac30000 - 0x00007ffbcae13000 	C:\Vivado\Vivado\2022.2\lib\win64.o\librdi_board.dll
0x00007ffbab7a0000 - 0x00007ffbabc7d000 	C:\Vivado\Vivado\2022.2\lib\win64.o\librdi_bitstream.dll
0x00007ffbe4ae0000 - 0x00007ffbe4b24000 	C:\Vivado\Vivado\2022.2\lib\win64.o\libboost_serialization.dll
0x00007ffbd6b50000 - 0x00007ffbd6bd0000 	C:\Vivado\Vivado\2022.2\lib\win64.o\librdi_boarddep.dll
0x00007ffbb39d0000 - 0x00007ffbb3bd2000 	C:\Vivado\Vivado\2022.2\lib\win64.o\librdi_chipscopeimpl.dll
0x00007ffbcee20000 - 0x00007ffbcef47000 	C:\Vivado\Vivado\2022.2\lib\win64.o\librdi_chipscope.dll
0x00007ffbce720000 - 0x00007ffbce885000 	C:\Vivado\Vivado\2022.2\lib\win64.o\librdi_containers.dll
0x00007ffb46a90000 - 0x00007ffb48a9d000 	C:\Vivado\Vivado\2022.2\lib\win64.o\librdi_designutils.dll
0x00007ffbab410000 - 0x00007ffbab793000 	C:\Vivado\Vivado\2022.2\lib\win64.o\librdi_dlyest.dll
0x00007ffba8680000 - 0x00007ffba8d5b000 	C:\Vivado\Vivado\2022.2\lib\win64.o\librdi_drc.dll
0x00007ffbd2510000 - 0x00007ffbd25c4000 	C:\Vivado\Vivado\2022.2\lib\win64.o\librdi_dsp.dll
0x00007ffb44860000 - 0x00007ffb46a8c000 	C:\Vivado\Vivado\2022.2\lib\win64.o\librdi_constraints.dll
0x00007ffb43370000 - 0x00007ffb44855000 	C:\Vivado\Vivado\2022.2\lib\win64.o\librdi_device.dll
0x00007ffb79e00000 - 0x00007ffb7a495000 	C:\Vivado\Vivado\2022.2\lib\win64.o\librdi_filemgmt.dll
0x00007ffbdc1b0000 - 0x00007ffbdc21b000 	C:\Vivado\Vivado\2022.2\lib\win64.o\librdi_hdf.dll
0x00007ffba8270000 - 0x00007ffba859b000 	C:\Vivado\Vivado\2022.2\lib\win64.o\librdi_guitools.dll
0x00007ffba6c40000 - 0x00007ffba6efd000 	C:\Vivado\Vivado\2022.2\lib\win64.o\librdi_hip_devdesign.dll
0x00007ffb76c70000 - 0x00007ffb77aa3000 	C:\Vivado\Vivado\2022.2\lib\win64.o\librdi_ippcw.dll
0x00007ffbca610000 - 0x00007ffbca757000 	C:\Vivado\Vivado\2022.2\lib\win64.o\librdi_hip_perf_analysis.dll
0x00007ffb405d0000 - 0x00007ffb40d71000 	C:\Vivado\Vivado\2022.2\lib\win64.o\librdi_lopt.dll
0x00007ffb40d80000 - 0x00007ffb43365000 	C:\Vivado\Vivado\2022.2\lib\win64.o\librdi_coregen.dll
0x00007ffb3f6b0000 - 0x00007ffb405cb000 	C:\Vivado\Vivado\2022.2\lib\win64.o\librdi_implflow.dll
0x00007ffb3f050000 - 0x00007ffb3f6a5000 	C:\Vivado\Vivado\2022.2\lib\win64.o\librdi_memdata.dll
0x00007ffbd3130000 - 0x00007ffbd31ad000 	C:\Vivado\Vivado\2022.2\lib\win64.o\librdi_memoryarray.dll
0x00007ffb3e8e0000 - 0x00007ffb3f04d000 	C:\Vivado\Vivado\2022.2\lib\win64.o\librdi_netlist.dll
0x00007ffbe4690000 - 0x00007ffbe46eb000 	C:\Vivado\Vivado\2022.2\lib\win64.o\librdi_pfi.dll
0x00007ffb3b7c0000 - 0x00007ffb3e8e0000 	C:\Vivado\Vivado\2022.2\lib\win64.o\librdi_place.dll
0x00007ffba5a60000 - 0x00007ffba5ed0000 	C:\Vivado\Vivado\2022.2\lib\win64.o\librdi_platform.dll
0x00007ffb38ef0000 - 0x00007ffb3b7b5000 	C:\Vivado\Vivado\2022.2\lib\win64.o\librdi_mig.dll
0x00007ffb38610000 - 0x00007ffb38ee4000 	C:\Vivado\Vivado\2022.2\lib\win64.o\librdi_power.dll
0x00007ffb37ea0000 - 0x00007ffb38607000 	C:\Vivado\Vivado\2022.2\lib\win64.o\librdi_project.dll
0x00007ffb827e0000 - 0x00007ffb82d43000 	C:\Vivado\Vivado\2022.2\lib\win64.o\librdi_runs.dll
0x00007ffbcdd90000 - 0x00007ffbcdea9000 	C:\Vivado\Vivado\2022.2\lib\win64.o\librdi_runsbase.dll
0x00007ffbd6d80000 - 0x00007ffbd6dd8000 	C:\Vivado\Vivado\2022.2\lib\win64.o\librdi_schedmon.dll

dbghelp: loaded successfully - version: 4.0.5 - missing functions: none
symbol engine: initialized successfully - sym options: 0x614 - pdb path: .;C:\Vivado\Vivado\2022.2\bin\unwrapped\win64.o;C:\Windows\SYSTEM32;C:\Vivado\Vivado\2022.2\lib\win64.o;C:\Windows\WinSxS\amd64_microsoft.windows.common-controls_6595b64144ccf1df_5.82.22621.5983_none_b43eefe36389d177;C:\Vivado\Vivado\2022.2\tps\win64\jre11.0.11_9\bin\server;C:\Vivado\Vivado\2022.2\tps\win64\python-3.8.3;C:\Vivado\Vivado\2022.2\tps\win64\jre11.0.11_9\bin;C:\Windows\WinSxS\amd64_microsoft.windows.common-controls_6595b64144ccf1df_6.0.22621.6931_none_270fd4b77385a2c0

VM Arguments:
jvm_args: -Dsun.java2d.pmoffscreen=false -Dhttps.protocols=TLSv1,TLSv1.1,TLSv1.2 -Dsun.java2d.xrender=false -Dsun.java2d.d3d=false -Dsun.awt.nopixfmt=true -Dsun.java2d.dpiaware=true -Dsun.java2d.uiScale.enabled=false -Xverify:none -Dswing.aatext=true -XX:-UsePerfData -Djdk.map.althashing.threshold=512 -XX:StringTableSize=4072 --add-opens=java.desktop/com.sun.awt=ALL-UNNAMED --add-opens=java.desktop/javax.swing.plaf.synth=ALL-UNNAMED --add-opens=java.base/java.nio=ALL-UNNAMED --add-opens=java.desktop/sun.swing=ALL-UNNAMED --add-opens=java.desktop/javax.swing=ALL-UNNAMED --add-opens=java.desktop/javax.swing.tree=ALL-UNNAMED --add-opens=java.desktop/javax.swing.plaf.basic=ALL-UNNAMED --add-opens=java.desktop/javax.swing.plaf.synth=ALL-UNNAMED --add-opens=java.desktop/javax.swing.plaf.basic=ALL-UNNAMED --add-opens=java.desktop/javax.swing=ALL-UNNAMED --add-opens=java.desktop/javax.swing.tree=ALL-UNNAMED --add-opens=java.desktop/java.awt.event=ALL-UNNAMED --add-exports=java.desktop/javax.swing.plaf.synth=ALL-UNNAMED --add-exports=java.base/java.nio=ALL-UNNAMED --add-exports=java.desktop/sun.swing=ALL-UNNAMED --add-exports=java.desktop/javax.swing=ALL-UNNAMED --add-exports=java.desktop/javax.swing.tree=ALL-UNNAMED --add-exports=java.desktop/javax.swing.plaf.basic=ALL-UNNAMED --add-exports=java.desktop/sun.swing=ALL-UNNAMED --add-exports=java.desktop/sun.swing.table=ALL-UNNAMED --add-exports=java.desktop/sun.swing.plaf.synth=ALL-UNNAMED --add-exports=java.desktop/sun.awt.shell=ALL-UNNAMED --add-exports=java.base/sun.security.action=ALL-UNNAMED --add-exports=java.desktop/sun.font=ALL-UNNAMED -XX:NewSize=60m -XX:MaxNewSize=60m -Xms256m -Xmx3072m -Xss5m 
java_command: <unknown>
java_class_path (initial): C:/Vivado/Vivado/2022.2\lib\classes\alloy.jar;C:/Vivado/Vivado/2022.2\lib\classes\asm-9.3.jar;C:/Vivado/Vivado/2022.2\lib\classes\asm-analysis-9.3.jar;C:/Vivado/Vivado/2022.2\lib\classes\asm-commons-9.3.jar;C:/Vivado/Vivado/2022.2\lib\classes\asm-tree-9.3.jar;C:/Vivado/Vivado/2022.2\lib\classes\autoesl-models.jar;C:/Vivado/Vivado/2022.2\lib\classes\batik-anim.jar;C:/Vivado/Vivado/2022.2\lib\classes\batik-awt-util.jar;C:/Vivado/Vivado/2022.2\lib\classes\batik-bridge.jar;C:/Vivado/Vivado/2022.2\lib\classes\batik-codec.jar;C:/Vivado/Vivado/2022.2\lib\classes\batik-css.jar;C:/Vivado/Vivado/2022.2\lib\classes\batik-dom.jar;C:/Vivado/Vivado/2022.2\lib\classes\batik-ext.jar;C:/Vivado/Vivado/2022.2\lib\classes\batik-gui-util.jar;C:/Vivado/Vivado/2022.2\lib\classes\batik-gvt.jar;C:/Vivado/Vivado/2022.2\lib\classes\batik-parser.jar;C:/Vivado/Vivado/2022.2\lib\classes\batik-script.jar;C:/Vivado/Vivado/2022.2\lib\classes\batik-svg-dom.jar;C:/Vivado/Vivado/2022.2\lib\classes\batik-svggen.jar;C:/Vivado/Vivado/2022.2\lib\classes\batik-swing.jar;C:/Vivado/Vivado/2022.2\lib\classes\batik-transcoder.jar;C:/Vivado/Vivado/2022.2\lib\classes\batik-util.jar;C:/Vivado/Vivado/2022.2\lib\classes\batik-xml.jar;C:/Vivado/Vivado/2022.2\lib\classes\com.fasterxml.jackson.core.jackson-annotations_2.12.1.v20210128-1726.jar;C:/Vivado/Vivado/2022.2\lib\classes\com.fasterxml.jackson.core.jackson-core_2.12.1.v20210128-1726.jar;C:/Vivado/Vivado/2022.2\lib\classes\com.fasterxml.jackson.core.jackson-databind_2.12.1.v20210128-1726.jar;C:/Vivado/Vivado/2022.2\lib\classes\com.google.gson_2.8.7.v20210624-1215.jar;C:/Vivado/Vivado/2022.2\lib\classes\com.google.guava_30.1.0.v20210127-2300.jar;C:/Vivado/Vivado/2022.2\lib\classes\com.sigasi.hdt.connection_4.15.0.202201101137.jar;C:/Vivado/Vivado/2022.2\lib\classes\com.sigasi.hdt.epl_4.15.0.202201101137.jar;C:/Vivado/Vivado/2022.2\lib\classes\com.sigasi.hdt.project_4.15.0.202201101137.jar;C:/Vivado/Vivado/2022.2\lib\classes\com.sigasi
Launcher Type: generic

[Global flags]
     bool BytecodeVerificationLocal                = false                                     {product} {command line}
     bool BytecodeVerificationRemote               = false                                     {product} {command line}
     intx CICompilerCount                          = 4                                         {product} {ergonomic}
     uint ConcGCThreads                            = 3                                         {product} {ergonomic}
     uint G1ConcRefinementThreads                  = 11                                        {product} {ergonomic}
   size_t G1HeapRegionSize                         = 1048576                                   {product} {ergonomic}
    uintx GCDrainStackTargetSize                   = 64                                        {product} {ergonomic}
   size_t InitialHeapSize                          = 268435456                                 {product} {command line}
   size_t MarkStackSize                            = 4194304                                   {product} {ergonomic}
   size_t MaxHeapSize                              = 3221225472                                {product} {command line}
   size_t MaxNewSize                               = 62914560                                  {product} {command line}
   size_t MinHeapDeltaBytes                        = 1048576                                   {product} {ergonomic}
   size_t NewSize                                  = 62914560                                  {product} {command line}
    uintx NonNMethodCodeHeapSize                   = 5836300                                {pd product} {ergonomic}
    uintx NonProfiledCodeHeapSize                  = 122910970                              {pd product} {ergonomic}
    uintx ProfiledCodeHeapSize                     = 122910970                              {pd product} {ergonomic}
    uintx ReservedCodeCacheSize                    = 251658240                              {pd product} {ergonomic}
     bool SegmentedCodeCache                       = true                                      {product} {ergonomic}
    uintx StringTableSize                          = 4072                                      {product} {command line}
     intx ThreadStackSize                          = 5120                                   {pd product} {command line}
     bool UseCompressedClassPointers               = true                                 {lp64_product} {ergonomic}
     bool UseCompressedOops                        = true                                 {lp64_product} {ergonomic}
     bool UseG1GC                                  = true                                      {product} {ergonomic}
     bool UseLargePagesIndividualAllocation        = false                                  {pd product} {ergonomic}
     bool UsePerfData                              = false                                     {product} {command line}

Logging:
Log output configuration:
 #0: stdout all=warning uptime,level,tags
 #1: stderr all=off uptime,level,tags

Environment Variables:
PATH=C:/Vivado/Vivado/2022.2/bin;C:/Vivado/Vivado/2022.2/tps/win64/java-cef-95.0.4638.69/bin/lib/win64;C:/Vivado/Vivado/2022.2/tps/win64/javafx-sdk-11.0.2/lib;C:/Vivado/Vivado/2022.2/tps/win64/javafx-sdk-11.0.2/bin;C:/Vivado/Vivado/2022.2/lib/win64.o;C:/Vivado/Vivado/2022.2/tps/win64/jre11.0.11_9/bin/server;C:/Vivado/Vivado/2022.2/tps/win64/jre11.0.11_9/bin;C:/Vivado/Vivado/2022.2/ids_lite/ISE/bin/nt64;C:/Vivado/Vivado/2022.2/ids_lite/ISE/lib/nt64;C:/Vivado/Vitis_HLS/2022.2/bin;C:\Windows\system32;C:\Windows;C:\Windows\System32\Wbem;C:\Windows\System32\WindowsPowerShell\v1.0\;C:\Windows\System32\OpenSSH\;C:\Program Files\PuTTY\;C:\Program Files\usbipd-win\;C:\Users\TTicudea\.local\bin;C:\Users\TTicudea\AppData\Local\Microsoft\WindowsApps;C:\Users\TTicudea\AppData\Local\Programs\Microsoft VS Code\bin;C:/Vivado/Vivado/2022.2\tps\mingw\6.2.0\win64.o\nt\bin;C:/Vivado/Vivado/2022.2\tps\mingw\6.2.0\win64.o\nt\libexec\gcc\x86_64-w64-mingw32\6.2.0;C:/Vivado/Vivado/2022.2\tps\win64\python-3.8.3;C:/Vivado/Vivado/2022.2\tps\win64\python-3.8.3\bin;C:/Vivado/Vivado/2022.2\tps\win64\python-3.8.3\lib;C:/Vivado/Vivado/2022.2\tps\win64\python-3.8.3\lib\site-packages
USERNAME=TTicudea
OS=Windows_NT
PROCESSOR_IDENTIFIER=Intel64 Family 6 Model 181 Stepping 0, GenuineIntel



---------------  S Y S T E M  ---------------

OS: Windows 10 , 64 bit Build 22621 (10.0.22621.6931)
OS uptime: 0 days 17:21 hours
Hyper-V role detected

CPU:total 14 (initial active 14) (7 cores per cpu, 2 threads per core) family 6 model 181 stepping 0 microcode 0xa, cmov, cx8, fxsr, mmx, sse, sse2, sse3, ssse3, sse4.1, sse4.2, popcnt, avx, avx2, aes, clmul, erms, 3dnowpref, lzcnt, ht, tsc, tscinvbit, bmi1, bmi2, adx, sha, fma

Memory: 4k page, system-wide physical 32212M (14787M free)
TotalPageFile size 37076M (AvailPageFile size 13576M)
current process WorkingSet (physical memory assigned to process): 658M, peak: 662M
current process commit charge ("private bytes"): 777M, peak: 798M

vm_info: OpenJDK 64-Bit Server VM (11.0.11+9) for windows-amd64 JRE (11.0.11+9), built on Apr  9 2021 19:32:08 by "" with MS VC++ 15.5 (VS2017)

END.
